Archive member included to satisfy reference by file (symbol)

C:/Users/User/.pico-sdk/toolchain/13_3_Rel1/bin/../lib/gcc/arm-none-eabi/13.3.1/thumb/v6-m/nofp\libgcc.a(_dvmd_tls.o)
                              CMakeFiles/Board_project.dir/C_/Users/User/.pico-sdk/sdk/2.1.0/src/rp2_common/pico_divider/divider_hardware.S.obj (__aeabi_idiv0)
C:/Users/User/.pico-sdk/toolchain/13_3_Rel1/bin/../lib/gcc/arm-none-eabi/13.3.1/thumb/v6-m/nofp\libg.a(libc_a-atoi.o)
                              CMakeFiles/Board_project.dir/C_/Users/User/.pico-sdk/sdk/2.1.0/lib/lwip/src/core/netif.c.obj (atoi)
C:/Users/User/.pico-sdk/toolchain/13_3_Rel1/bin/../lib/gcc/arm-none-eabi/13.3.1/thumb/v6-m/nofp\libg.a(libc_a-calloc.o)
                              CMakeFiles/Board_project.dir/C_/Users/User/.pico-sdk/sdk/2.1.0/src/rp2_common/pico_malloc/malloc.c.obj (calloc)
C:/Users/User/.pico-sdk/toolchain/13_3_Rel1/bin/../lib/gcc/arm-none-eabi/13.3.1/thumb/v6-m/nofp\libg.a(libc_a-callocr.o)
                              C:/Users/User/.pico-sdk/toolchain/13_3_Rel1/bin/../lib/gcc/arm-none-eabi/13.3.1/thumb/v6-m/nofp\libg.a(libc_a-calloc.o) (_calloc_r)
C:/Users/User/.pico-sdk/toolchain/13_3_Rel1/bin/../lib/gcc/arm-none-eabi/13.3.1/thumb/v6-m/nofp\libg.a(libc_a-malloc.o)
                              CMakeFiles/Board_project.dir/C_/Users/User/.pico-sdk/sdk/2.1.0/src/rp2_common/pico_malloc/malloc.c.obj (malloc)
C:/Users/User/.pico-sdk/toolchain/13_3_Rel1/bin/../lib/gcc/arm-none-eabi/13.3.1/thumb/v6-m/nofp\libg.a(libc_a-mallocr.o)
                              C:/Users/User/.pico-sdk/toolchain/13_3_Rel1/bin/../lib/gcc/arm-none-eabi/13.3.1/thumb/v6-m/nofp\libg.a(libc_a-callocr.o) (_malloc_r)
C:/Users/User/.pico-sdk/toolchain/13_3_Rel1/bin/../lib/gcc/arm-none-eabi/13.3.1/thumb/v6-m/nofp\libg.a(libc_a-mlock.o)
                              C:/Users/User/.pico-sdk/toolchain/13_3_Rel1/bin/../lib/gcc/arm-none-eabi/13.3.1/thumb/v6-m/nofp\libg.a(libc_a-mallocr.o) (__malloc_lock)
C:/Users/User/.pico-sdk/toolchain/13_3_Rel1/bin/../lib/gcc/arm-none-eabi/13.3.1/thumb/v6-m/nofp\libg.a(libc_a-realloc.o)
                              CMakeFiles/Board_project.dir/C_/Users/User/.pico-sdk/sdk/2.1.0/src/rp2_common/pico_malloc/malloc.c.obj (realloc)
C:/Users/User/.pico-sdk/toolchain/13_3_Rel1/bin/../lib/gcc/arm-none-eabi/13.3.1/thumb/v6-m/nofp\libg.a(libc_a-reallocr.o)
                              C:/Users/User/.pico-sdk/toolchain/13_3_Rel1/bin/../lib/gcc/arm-none-eabi/13.3.1/thumb/v6-m/nofp\libg.a(libc_a-realloc.o) (_realloc_r)
C:/Users/User/.pico-sdk/toolchain/13_3_Rel1/bin/../lib/gcc/arm-none-eabi/13.3.1/thumb/v6-m/nofp\libg.a(libc_a-strtol.o)
                              C:/Users/User/.pico-sdk/toolchain/13_3_Rel1/bin/../lib/gcc/arm-none-eabi/13.3.1/thumb/v6-m/nofp\libg.a(libc_a-atoi.o) (_strtol_r)
C:/Users/User/.pico-sdk/toolchain/13_3_Rel1/bin/../lib/gcc/arm-none-eabi/13.3.1/thumb/v6-m/nofp\libg.a(libc_a-ctype_.o)
                              CMakeFiles/Board_project.dir/C_/Users/User/.pico-sdk/sdk/2.1.0/lib/lwip/src/core/dns.c.obj (_ctype_)
C:/Users/User/.pico-sdk/toolchain/13_3_Rel1/bin/../lib/gcc/arm-none-eabi/13.3.1/thumb/v6-m/nofp\libg.a(libc_a-toupper.o)
                              CMakeFiles/Board_project.dir/display.cpp.obj (toupper)
C:/Users/User/.pico-sdk/toolchain/13_3_Rel1/bin/../lib/gcc/arm-none-eabi/13.3.1/thumb/v6-m/nofp\libg.a(libc_a-memcmp.o)
                              CMakeFiles/Board_project.dir/C_/Users/User/.pico-sdk/sdk/2.1.0/src/rp2_common/pico_atomic/atomic.c.obj (memcmp)
C:/Users/User/.pico-sdk/toolchain/13_3_Rel1/bin/../lib/gcc/arm-none-eabi/13.3.1/thumb/v6-m/nofp\libg.a(libc_a-memmove.o)
                              CMakeFiles/Board_project.dir/C_/Users/User/.pico-sdk/sdk/2.1.0/lib/lwip/src/core/def.c.obj (memmove)
C:/Users/User/.pico-sdk/toolchain/13_3_Rel1/bin/../lib/gcc/arm-none-eabi/13.3.1/thumb/v6-m/nofp\libg.a(libc_a-strncmp.o)
                              CMakeFiles/Board_project.dir/C_/Users/User/.pico-sdk/sdk/2.1.0/lib/lwip/src/core/def.c.obj (strncmp)
C:/Users/User/.pico-sdk/toolchain/13_3_Rel1/bin/../lib/gcc/arm-none-eabi/13.3.1/thumb/v6-m/nofp\libg.a(libc_a-lcltime_r.o)
                              CMakeFiles/Board_project.dir/C_/Users/User/.pico-sdk/sdk/2.1.0/src/common/pico_util/datetime.c.obj (localtime_r)
C:/Users/User/.pico-sdk/toolchain/13_3_Rel1/bin/../lib/gcc/arm-none-eabi/13.3.1/thumb/v6-m/nofp\libg.a(libc_a-mktime.o)
                              CMakeFiles/Board_project.dir/C_/Users/User/.pico-sdk/sdk/2.1.0/src/common/pico_util/datetime.c.obj (mktime)
C:/Users/User/.pico-sdk/toolchain/13_3_Rel1/bin/../lib/gcc/arm-none-eabi/13.3.1/thumb/v6-m/nofp\libg.a(libc_a-month_lengths.o)
                              C:/Users/User/.pico-sdk/toolchain/13_3_Rel1/bin/../lib/gcc/arm-none-eabi/13.3.1/thumb/v6-m/nofp\libg.a(libc_a-lcltime_r.o) (__month_lengths)
C:/Users/User/.pico-sdk/toolchain/13_3_Rel1/bin/../lib/gcc/arm-none-eabi/13.3.1/thumb/v6-m/nofp\libg.a(libc_a-tzcalc_limits.o)
[...]
Memory Configuration

Name             Origin             Length             Attributes
FLASH            0x10000000         0x00200000         xr
RAM              0x20000000         0x00040000         xrw
SCRATCH_X        0x20040000         0x00001000         xrw
SCRATCH_Y        0x20041000         0x00001000         xrw
*default*        0x00000000         0xffffffff

Linker script and memory map

LOAD C:/Users/User/.pico-sdk/toolchain/13_3_Rel1/bin/../lib/gcc/arm-none-eabi/13.3.1/thumb/v6-m/nofp/crti.o
LOAD C:/Users/User/.pico-sdk/toolchain/13_3_Rel1/bin/../lib/gcc/arm-none-eabi/13.3.1/thumb/v6-m/nofp/crtbegin.o
LOAD C:/Users/User/.pico-sdk/toolchain/13_3_Rel1/bin/../lib/gcc/arm-none-eabi/13.3.1/thumb/v6-m/nofp/crt0.o

.flash_begin    0x10000000        0x0
                0x10000000                        __flash_binary_start = .

.boot2          0x10000000      0x100
                0x10000000                        __boot2_start__ = .
 *(.boot2)
 .boot2         0x10000000      0x100 pico-sdk/src/rp2040/boot_stage2/CMakeFiles/bs2_default_library.dir/./bs2_default_padded_checksummed.S.obj
                0x10000100                        __boot2_end__ = .
                0x00000001                        ASSERT (((__boot2_end__ - __boot2_start__) == 0x100), ERROR: Pico second stage bootloader must be 256 bytes in size)

.text           0x10000100    0x165bc
                0x10000100                        __logical_binary_start = .
 *(.vectors)
 .vectors       0x10000100       0xd4 CMakeFiles/Board_project.dir/C_/Users/User/.pico-sdk/sdk/2.1.0/src/rp2_common/pico_crt0/crt0.S.obj
                0x10000100                __VECTOR_TABLE
                0x10000100                __vectors
                0x100001c0                isr_invalid
                0x100001c0                __default_isrs_start
                0x100001c2                isr_nmi
                0x100001c4                isr_hardfault
                0x100001c6                isr_svcall
                0x100001c8                isr_pendsv
                0x100001ca                isr_systick
                0x100001cc                isr_irq23
                0x100001cc                isr_irq18
                0x100001cc                isr_irq11
                0x100001cc                isr_irq28
                0x100001cc                isr_irq19
                0x100001cc                isr_irq0
                0x100001cc                isr_irq6
                0x100001cc                isr_irq5
                0x100001cc                isr_irq12
                0x100001cc                isr_irq22
                0x100001cc                isr_irq31
                0x100001cc                isr_irq17
                0x100001cc                isr_irq27
                0x100001cc                isr_irq30
                0x100001cc                isr_irq2
                0x100001cc                isr_irq10
                0x100001cc                isr_irq8
                0x100001cc                isr_irq24
                0x100001cc                isr_irq1
                0x100001cc                isr_irq7
                0x100001cc                isr_irq21
                0x100001cc                isr_irq20
                0x100001cc                isr_irq15
                0x100001cc                isr_irq25
                0x100001cc                isr_irq13
                0x100001cc                __unhandled_user_irq
                0x100001cc                isr_irq4
                0x100001cc                isr_irq16
                0x100001cc                isr_irq29
                0x100001cc                isr_irq26
                0x100001cc                __default_isrs_end
                0x100001cc                isr_irq3
                0x100001cc                isr_irq14
                0x100001cc                isr_irq9
                0x100001d2                unhandled_user_irq_num_in_r0
 *(.binary_info_header)
 .binary_info_header
                0x100001d4       0x14 CMakeFiles/Board_project.dir/C_/Users/User/.pico-sdk/sdk/2.1.0/src/rp2_common/pico_crt0/crt0.S.obj
                0x100001e8                        __binary_info_header_end = .
 *(.embedded_block)
                0x100001e8                        __embedded_block_end = .
 *(.reset)
 .reset         0x100001e8       0x9c CMakeFiles/Board_project.dir/C_/Users/User/.pico-sdk/sdk/2.1.0/src/rp2_common/pico_crt0/crt0.S.obj
                0x100001e8                _entry_point
 *(.init)
 .init          0x10000284        0x4 C:/Users/User/.pico-sdk/toolchain/13_3_Rel1/bin/../lib/gcc/arm-none-eabi/13.3.1/thumb/v6-m/nofp/crti.o
                0x10000284                _init
 *(EXCLUDE_FILE(*libm.a: *libc.a:*lib_a-mem*.o *libgcc.a:) .text*)
 .text.register_tm_clones
                0x10000288       0x28 C:/Users/User/.pico-sdk/toolchain/13_3_Rel1/bin/../lib/gcc/arm-none-eabi/13.3.1/thumb/v6-m/nofp/crtbegin.o
 .text.frame_dummy
                0x100002b0       0x24 C:/Users/User/.pico-sdk/toolchain/13_3_Rel1/bin/../lib/gcc/arm-none-eabi/13.3.1/thumb/v6-m/nofp/crtbegin.o
 .text.startup.main
                0x100002d4      0x288 CMakeFiles/Board_project.dir/Board_project.cpp.obj
                0x100002d4                main
 .text._ZN6Button10Timer_cb_hElPv
                0x1000055c       0x48 CMakeFiles/Board_project.dir/button.cpp.obj
                0x1000055c                Button::Timer_cb_h(long, void*)
 .text._ZN6Button10Timer_cb_lElPv
                0x100005a4       0x4c CMakeFiles/Board_project.dir/button.cpp.obj
                0x100005a4                Button::Timer_cb_l(long, void*)
 .text._ZN6Button15Button_press_cbEjm
                0x100005f0       0xf4 CMakeFiles/Board_project.dir/button.cpp.obj
                0x100005f0                Button::Button_press_cb(unsigned int, unsigned long)
 .text._ZN6ButtonC2Ejmbbb
                0x100006e4       0xac CMakeFiles/Board_project.dir/button.cpp.obj
                0x100006e4                Button::Button(unsigned int, unsigned long, bool, bool, bool)
                0x100006e4                Button::Button(unsigned int, unsigned long, bool, bool, bool)
 .text._ZN6ButtonD2Ev
                0x10000790       0x20 CMakeFiles/Board_project.dir/button.cpp.obj
                0x10000790                Button::~Button()
                0x10000790                Button::~Button()
 .text._ZN6Button10is_pressedEv
                0x100007b0       0x28 CMakeFiles/Board_project.dir/button.cpp.obj
                0x100007b0                Button::is_pressed()
 .text._ZN6Button13pressed_totalEv
                0x100007d8       0x10 CMakeFiles/Board_project.dir/button.cpp.obj
                0x100007d8                Button::pressed_total()
 .text._ZN7displayD2Ev
                0x100007e8        0x4 CMakeFiles/Board_project.dir/display.cpp.obj
                0x100007e8                display::~display()
                0x100007e8                display::~display()
 .text._ZN7display6renderEv
                0x100007ec       0x94 CMakeFiles/Board_project.dir/display.cpp.obj
                0x100007ec                display::render()
 .text._ZN7displayC2Ev
                0x10000880       0xb8 CMakeFiles/Board_project.dir/display.cpp.obj
                0x10000880                display::display()
                0x10000880                display::display()
 .text._ZN7display11WriteStringEssPcb.part.0
                0x10000938      0x178 CMakeFiles/Board_project.dir/display.cpp.obj
 .text._ZN7display5clearEb
                0x10000ab0       0x20 CMakeFiles/Board_project.dir/display.cpp.obj
                0x10000ab0                display::clear(bool)
 .text._ZN7display7_printfEjbPKcz
                0x10000ad0      0x154 CMakeFiles/Board_project.dir/display.cpp.obj
                0x10000ad0                display::_printf(unsigned int, bool, char const*, ...)
 .text._ZN13Motor_display11print_motorEbf
                0x10000c24       0x58 CMakeFiles/Board_project.dir/display.cpp.obj
                0x10000c24                Motor_display::print_motor(bool, float)
 .text._ZN3AdcC2Ejb
                0x10000c7c       0x74 CMakeFiles/Board_project.dir/adc.cpp.obj
                0x10000c7c                Adc::Adc(unsigned int, bool)
                0x10000c7c                Adc::Adc(unsigned int, bool)
 .text._ZN3AdcD2Ev
                0x10000cf0       0x14 CMakeFiles/Board_project.dir/adc.cpp.obj
                0x10000cf0                Adc::~Adc()
                0x10000cf0                Adc::~Adc()
 .text._ZN3Adc4ReadEv
                0x10000d04       0x34 CMakeFiles/Board_project.dir/adc.cpp.obj
                0x10000d04                Adc::Read()
 .text._ZN5MotorD2Ev
                0x10000d38       0x24 CMakeFiles/Board_project.dir/motors.cpp.obj
                0x10000d38                Motor::~Motor()
                0x10000d38                Motor::~Motor()
 .text._ZN10Servo_contC2Ejfttfib
                0x10000d5c      0x11c CMakeFiles/Board_project.dir/motors.cpp.obj
                0x10000d5c                Servo_cont::Servo_cont(unsigned int, float, unsigned short, unsigned short, float, int, bool)
                0x10000d5c                Servo_cont::Servo_cont(unsigned int, float, unsigned short, unsigned short, float, int, bool)
 .text._ZN10Servo_cont9Set_SpeedEf
                0x10000e78       0x98 CMakeFiles/Board_project.dir/motors.cpp.obj
                0x10000e78                Servo_cont::Set_Speed(float)
 .text._ZN7RGB_LED2onEv
                0x10000f10       0x28 CMakeFiles/Board_project.dir/leds.cpp.obj
                0x10000f10                RGB_LED::on()
 .text._ZN7RGB_LED3offEv
                0x10000f38       0x28 CMakeFiles/Board_project.dir/leds.cpp.obj
                0x10000f38                RGB_LED::off()
 .text._ZN7RGB_LED9set_levelEf
                0x10000f60       0x7c CMakeFiles/Board_project.dir/leds.cpp.obj
                0x10000f60                RGB_LED::set_level(float)
 .text._ZN7PWM_LED3offEv
                0x10000fdc       0x48 CMakeFiles/Board_project.dir/leds.cpp.obj
                0x10000fdc                PWM_LED::off()
 .text._ZN7PWM_LED2onEv
                0x10001024       0x68 CMakeFiles/Board_project.dir/leds.cpp.obj
                0x10001024                PWM_LED::on()
 .text._ZN7PWM_LED9set_levelEf
                0x1000108c       0x8c CMakeFiles/Board_project.dir/leds.cpp.obj
                0x1000108c                PWM_LED::set_level(float)
 .text._ZN7PWM_LEDC2Ejttfb
                0x10001118      0x140 CMakeFiles/Board_project.dir/leds.cpp.obj
                0x10001118                PWM_LED::PWM_LED(unsigned int, unsigned short, unsigned short, float, bool)
                0x10001118                PWM_LED::PWM_LED(unsigned int, unsigned short, unsigned short, float, bool)
 .text._ZN7PWM_LEDD2Ev
                0x10001258       0x6c CMakeFiles/Board_project.dir/leds.cpp.obj
                0x10001258                PWM_LED::~PWM_LED()
                0x10001258                PWM_LED::~PWM_LED()
 .text._ZN7RGB_LEDC2Ejhhhbf
                0x100012c4      0x110 CMakeFiles/Board_project.dir/leds.cpp.obj
                0x100012c4                RGB_LED::RGB_LED(unsigned int, unsigned char, unsigned char, unsigned char, bool, float)
                0x100012c4                RGB_LED::RGB_LED(unsigned int, unsigned char, unsigned char, unsigned char, bool, float)
 .text._ZN7RGB_LEDD2Ev
                0x100013d4       0x34 CMakeFiles/Board_project.dir/leds.cpp.obj
                0x100013d4                RGB_LED::~RGB_LED()
                0x100013d4                RGB_LED::~RGB_LED()
 .text._Z15tcp_server_pollPvP7tcp_pcb
                0x10001408       0x10 CMakeFiles/Board_project.dir/tcp_server.cpp.obj
                0x10001408                tcp_server_poll(void*, tcp_pcb*)
 .text._Z15tcp_server_sentPvP7tcp_pcbt
                0x10001418       0x1c CMakeFiles/Board_project.dir/tcp_server.cpp.obj
                0x10001418                tcp_server_sent(void*, tcp_pcb*, unsigned short)
 .text._Z14tcp_server_errPva
                0x10001434       0x9c CMakeFiles/Board_project.dir/tcp_server.cpp.obj
                0x10001434                tcp_server_err(void*, signed char)
 .text._Z15tcp_server_initv
                0x100014d0       0x20 CMakeFiles/Board_project.dir/tcp_server.cpp.obj
                0x100014d0                tcp_server_init()
 .text._Z16tcp_server_closePv
                0x100014f0       0x74 CMakeFiles/Board_project.dir/tcp_server.cpp.obj
                0x100014f0                tcp_server_close(void*)
 .text._Z15tcp_server_recvPvP7tcp_pcbP4pbufa
                0x10001564       0x88 CMakeFiles/Board_project.dir/tcp_server.cpp.obj
                0x10001564                tcp_server_recv(void*, tcp_pcb*, pbuf*, signed char)
 .text._Z17tcp_server_acceptPvP7tcp_pcba
                0x100015ec       0xd4 CMakeFiles/Board_project.dir/tcp_server.cpp.obj
                0x100015ec                tcp_server_accept(void*, tcp_pcb*, signed char)
 .text._Z17tcp_server_resultPvi
                0x100016c0       0x90 CMakeFiles/Board_project.dir/tcp_server.cpp.obj
                0x100016c0                tcp_server_result(void*, int)
 .text._Z20tcp_server_send_dataPvP7tcp_pcb
                0x10001750       0x54 CMakeFiles/Board_project.dir/tcp_server.cpp.obj
                0x10001750                tcp_server_send_data(void*, tcp_pcb*)
 .text._Z15tcp_server_openPv
                0x100017a4       0x98 CMakeFiles/Board_project.dir/tcp_server.cpp.obj
                0x100017a4                tcp_server_open(void*)
 .text.gpio_default_irq_handler
                0x1000183c      0x274 CMakeFiles/Board_project.dir/C_/Users/User/.pico-sdk/sdk/2.1.0/src/rp2_common/hardware_gpio/gpio.c.obj
 .text.gpio_set_function
                0x10001ab0       0x34 CMakeFiles/Board_project.dir/C_/Users/User/.pico-sdk/sdk/2.1.0/src/rp2_common/hardware_gpio/gpio.c.obj
                0x10001ab0                gpio_set_function
 .text.gpio_set_pulls
                0x10001ae4       0x28 CMakeFiles/Board_project.dir/C_/Users/User/.pico-sdk/sdk/2.1.0/src/rp2_common/hardware_gpio/gpio.c.obj
                0x10001ae4                gpio_set_pulls
 .text.gpio_set_input_hysteresis_enabled
                0x10001b0c       0x28 CMakeFiles/Board_project.dir/C_/Users/User/.pico-sdk/sdk/2.1.0/src/rp2_common/hardware_gpio/gpio.c.obj
                0x10001b0c                gpio_set_input_hysteresis_enabled
 .text.gpio_set_irq_enabled
                0x10001b34       0x58 CMakeFiles/Board_project.dir/C_/Users/User/.pico-sdk/sdk/2.1.0/src/rp2_common/hardware_gpio/gpio.c.obj
                0x10001b34                gpio_set_irq_enabled
 .text.gpio_set_irq_enabled_with_callback
                0x10001b8c       0xd0 CMakeFiles/Board_project.dir/C_/Users/User/.pico-sdk/sdk/2.1.0/src/rp2_common/hardware_gpio/gpio.c.obj
                0x10001b8c                gpio_set_irq_enabled_with_callback
 .text.gpio_add_raw_irq_handler_with_order_priority_masked
                0x10001c5c       0x44 CMakeFiles/Board_project.dir/C_/Users/User/.pico-sdk/sdk/2.1.0/src/rp2_common/hardware_gpio/gpio.c.obj
                0x10001c5c                gpio_add_raw_irq_handler_with_order_priority_masked
 .text.gpio_remove_raw_irq_handler_masked
                0x10001ca0       0x20 CMakeFiles/Board_project.dir/C_/Users/User/.pico-sdk/sdk/2.1.0/src/rp2_common/hardware_gpio/gpio.c.obj
                0x10001ca0                gpio_remove_raw_irq_handler_masked
 .text.gpio_set_input_enabled
                0x10001cc0       0x28 CMakeFiles/Board_project.dir/C_/Users/User/.pico-sdk/sdk/2.1.0/src/rp2_common/hardware_gpio/gpio.c.obj
                0x10001cc0                gpio_set_input_enabled
 .text.gpio_init
                0x10001ce8       0x40 CMakeFiles/Board_project.dir/C_/Users/User/.pico-sdk/sdk/2.1.0/src/rp2_common/hardware_gpio/gpio.c.obj
                0x10001ce8                gpio_init
 .text.panic    0x10001d28       0x30 CMakeFiles/Board_project.dir/C_/Users/User/.pico-sdk/sdk/2.1.0/src/rp2_common/pico_platform_panic/panic.c.obj
                0x10001d28                panic
 .text.hw_claim_lock
                0x10001d58       0x18 CMakeFiles/Board_project.dir/C_/Users/User/.pico-sdk/sdk/2.1.0/src/common/hardware_claim/claim.c.obj
                0x10001d58                hw_claim_lock
 .text.hw_claim_unlock
                0x10001d70       0x14 CMakeFiles/Board_project.dir/C_/Users/User/.pico-sdk/sdk/2.1.0/src/common/hardware_claim/claim.c.obj
                0x10001d70                hw_claim_unlock
 .text.hw_claim_or_assert
                0x10001d84       0x44 CMakeFiles/Board_project.dir/C_/Users/User/.pico-sdk/sdk/2.1.0/src/common/hardware_claim/claim.c.obj
                0x10001d84                hw_claim_or_assert
 .text.hw_claim_unused_from_range
                0x10001dc8       0x9c CMakeFiles/Board_project.dir/C_/Users/User/.pico-sdk/sdk/2.1.0/src/common/hardware_claim/claim.c.obj
                0x10001dc8                hw_claim_unused_from_range
 .text.hw_claim_clear
                0x10001e64       0x38 CMakeFiles/Board_project.dir/C_/Users/User/.pico-sdk/sdk/2.1.0/src/common/hardware_claim/claim.c.obj
                0x10001e64                hw_claim_clear
 .text.next_striped_spin_lock_num
                0x10001e9c       0x18 CMakeFiles/Board_project.dir/C_/Users/User/.pico-sdk/sdk/2.1.0/src/rp2_common/hardware_sync/sync.c.obj
                0x10001e9c                next_striped_spin_lock_num
 .text.spin_locks_reset
                0x10001eb4       0x1c CMakeFiles/Board_project.dir/C_/Users/User/.pico-sdk/sdk/2.1.0/src/rp2_common/hardware_sync_spin_lock/sync_spin_lock.c.obj
                0x10001eb4                spin_locks_reset
 .text.runtime_init_per_core_irq_priorities
                0x10001ed0       0x24 CMakeFiles/Board_project.dir/C_/Users/User/.pico-sdk/sdk/2.1.0/src/rp2_common/hardware_irq/irq.c.obj
                0x10001ed0                runtime_init_per_core_irq_priorities
 .text.irq_set_enabled
                0x10001ef4       0x24 CMakeFiles/Board_project.dir/C_/Users/User/.pico-sdk/sdk/2.1.0/src/rp2_common/hardware_irq/irq.c.obj
                0x10001ef4                irq_set_enabled
 .text.irq_set_pending
                0x10001f18       0x10 CMakeFiles/Board_project.dir/C_/Users/User/.pico-sdk/sdk/2.1.0/src/rp2_common/hardware_irq/irq.c.obj
                0x10001f18                irq_set_pending
 .text.irq_set_exclusive_handler
                0x10001f28       0x54 CMakeFiles/Board_project.dir/C_/Users/User/.pico-sdk/sdk/2.1.0/src/rp2_common/hardware_irq/irq.c.obj
                0x10001f28                irq_set_exclusive_handler
 .text.irq_add_shared_handler
                0x10001f7c      0x1f4 CMakeFiles/Board_project.dir/C_/Users/User/.pico-sdk/sdk/2.1.0/src/rp2_common/hardware_irq/irq.c.obj
                0x10001f7c                irq_add_shared_handler
 .text.irq_remove_handler
                0x10002170      0x1d4 CMakeFiles/Board_project.dir/C_/Users/User/.pico-sdk/sdk/2.1.0/src/rp2_common/hardware_irq/irq.c.obj
                0x10002170                irq_remove_handler
 .text.irq_set_priority
                0x10002344       0x28 CMakeFiles/Board_project.dir/C_/Users/User/.pico-sdk/sdk/2.1.0/src/rp2_common/hardware_irq/irq.c.obj
                0x10002344                irq_set_priority
 .text.irq_add_tail_to_free_list
                0x1000236c       0xb4 CMakeFiles/Board_project.dir/C_/Users/User/.pico-sdk/sdk/2.1.0/src/rp2_common/hardware_irq/irq.c.obj
                0x1000236c                irq_add_tail_to_free_list
 .text.user_irq_unclaim
                0x10002420       0x14 CMakeFiles/Board_project.dir/C_/Users/User/.pico-sdk/sdk/2.1.0/src/rp2_common/hardware_irq/irq.c.obj
                0x10002420                user_irq_unclaim
 .text.user_irq_claim_unused
                0x10002434       0x2c CMakeFiles/Board_project.dir/C_/Users/User/.pico-sdk/sdk/2.1.0/src/rp2_common/hardware_irq/irq.c.obj
                0x10002434                user_irq_claim_unused
 .text.sem_init
                0x10002460       0x20 CMakeFiles/Board_project.dir/C_/Users/User/.pico-sdk/sdk/2.1.0/src/common/pico_sync/sem.c.obj
                0x10002460                sem_init
 .text.lock_init
                0x10002480       0x10 CMakeFiles/Board_project.dir/C_/Users/User/.pico-sdk/sdk/2.1.0/src/common/pico_sync/lock_core.c.obj
                0x10002480                lock_init
 .text.runtime_init_mutex
                0x10002490       0x50 CMakeFiles/Board_project.dir/C_/Users/User/.pico-sdk/sdk/2.1.0/src/common/pico_sync/mutex.c.obj
                0x10002490                runtime_init_mutex
 .text.recursive_mutex_init
                0x100024e0       0x1c CMakeFiles/Board_project.dir/C_/Users/User/.pico-sdk/sdk/2.1.0/src/common/pico_sync/mutex.c.obj
                0x100024e0                recursive_mutex_init
 .text.sleep_until_callback
                0x100024fc       0x30 CMakeFiles/Board_project.dir/C_/Users/User/.pico-sdk/sdk/2.1.0/src/common/pico_time/time.c.obj
 .text.alarm_pool_irq_handler
                0x1000252c      0x2fc CMakeFiles/Board_project.dir/C_/Users/User/.pico-sdk/sdk/2.1.0/src/common/pico_time/time.c.obj
 .text.runtime_init_default_alarm_pool
                0x10002828       0xdc CMakeFiles/Board_project.dir/C_/Users/User/.pico-sdk/sdk/2.1.0/src/common/pico_time/time.c.obj
                0x10002828                runtime_init_default_alarm_pool
 .text.alarm_pool_get_default
                0x10002904        0x8 CMakeFiles/Board_project.dir/C_/Users/User/.pico-sdk/sdk/2.1.0/src/common/pico_time/time.c.obj
                0x10002904                alarm_pool_get_default
 .text.alarm_pool_add_alarm_at
                0x1000290c       0xd4 CMakeFiles/Board_project.dir/C_/Users/User/.pico-sdk/sdk/2.1.0/src/common/pico_time/time.c.obj
                0x1000290c                alarm_pool_add_alarm_at
 .text.alarm_pool_add_alarm_at_force_in_context
                0x100029e0       0xb0 CMakeFiles/Board_project.dir/C_/Users/User/.pico-sdk/sdk/2.1.0/src/common/pico_time/time.c.obj
                0x100029e0                alarm_pool_add_alarm_at_force_in_context
 .text.alarm_pool_cancel_alarm
                0x10002a90       0x74 CMakeFiles/Board_project.dir/C_/Users/User/.pico-sdk/sdk/2.1.0/src/common/pico_time/time.c.obj
                0x10002a90                alarm_pool_cancel_alarm
 .text.sleep_until
                0x10002b04       0xd8 CMakeFiles/Board_project.dir/C_/Users/User/.pico-sdk/sdk/2.1.0/src/common/pico_time/time.c.obj
                0x10002b04                sleep_until
 .text.sleep_us
                0x10002bdc       0x28 CMakeFiles/Board_project.dir/C_/Users/User/.pico-sdk/sdk/2.1.0/src/common/pico_time/time.c.obj
                0x10002bdc                sleep_us
 .text.sleep_ms
                0x10002c04       0x38 CMakeFiles/Board_project.dir/C_/Users/User/.pico-sdk/sdk/2.1.0/src/common/pico_time/time.c.obj
                0x10002c04                sleep_ms
 .text.best_effort_wfe_or_timeout
                0x10002c3c       0xe0 CMakeFiles/Board_project.dir/C_/Users/User/.pico-sdk/sdk/2.1.0/src/common/pico_time/time.c.obj
                0x10002c3c                best_effort_wfe_or_timeout
 .text.timer_hardware_alarm_claim
                0x10002d1c       0x14 CMakeFiles/Board_project.dir/C_/Users/User/.pico-sdk/sdk/2.1.0/src/rp2_common/hardware_timer/timer.c.obj
                0x10002d1c                timer_hardware_alarm_claim
 .text.timer_time_us_64
                0x10002d30       0x10 CMakeFiles/Board_project.dir/C_/Users/User/.pico-sdk/sdk/2.1.0/src/rp2_common/hardware_timer/timer.c.obj
                0x10002d30                timer_time_us_64
 .text.time_us_64
                0x10002d40       0x14 CMakeFiles/Board_project.dir/C_/Users/User/.pico-sdk/sdk/2.1.0/src/rp2_common/hardware_timer/timer.c.obj
                0x10002d40                time_us_64
 .text.busy_wait_us
                0x10002d54       0x68 CMakeFiles/Board_project.dir/C_/Users/User/.pico-sdk/sdk/2.1.0/src/rp2_common/hardware_timer/timer.c.obj
                0x10002d54                busy_wait_us
 .text.busy_wait_until
                0x10002dbc       0x20 CMakeFiles/Board_project.dir/C_/Users/User/.pico-sdk/sdk/2.1.0/src/rp2_common/hardware_timer/timer.c.obj
                0x10002dbc                busy_wait_until
 .text.uart_init
                0x10002ddc      0x120 CMakeFiles/Board_project.dir/C_/Users/User/.pico-sdk/sdk/2.1.0/src/rp2_common/hardware_uart/uart.c.obj
                0x10002ddc                uart_init
 .text.clock_configure_int_divider
                0x10002efc       0xf4 CMakeFiles/Board_project.dir/C_/Users/User/.pico-sdk/sdk/2.1.0/src/rp2_common/hardware_clocks/clocks.c.obj
                0x10002efc                clock_configure_int_divider
 .text.clock_configure_undivided
                0x10002ff0       0xe8 CMakeFiles/Board_project.dir/C_/Users/User/.pico-sdk/sdk/2.1.0/src/rp2_common/hardware_clocks/clocks.c.obj
                0x10002ff0                clock_configure_undivided
 .text.clock_get_hz
                0x100030d8        0xc CMakeFiles/Board_project.dir/C_/Users/User/.pico-sdk/sdk/2.1.0/src/rp2_common/hardware_clocks/clocks.c.obj
                0x100030d8                clock_get_hz
 .text.pll_init
                0x100030e4       0xa4 CMakeFiles/Board_project.dir/C_/Users/User/.pico-sdk/sdk/2.1.0/src/rp2_common/hardware_pll/pll.c.obj
                0x100030e4                pll_init
 .text.tick_start
                0x10003188       0x10 CMakeFiles/Board_project.dir/C_/Users/User/.pico-sdk/sdk/2.1.0/src/rp2_common/hardware_ticks/ticks.c.obj
                0x10003188                tick_start
 .text.rom_func_lookup
                0x10003198       0x10 CMakeFiles/Board_project.dir/C_/Users/User/.pico-sdk/sdk/2.1.0/src/rp2_common/pico_bootrom/bootrom.c.obj
                0x10003198                rom_func_lookup
 .text.rom_data_lookup
                0x100031a8       0x10 CMakeFiles/Board_project.dir/C_/Users/User/.pico-sdk/sdk/2.1.0/src/rp2_common/pico_bootrom/bootrom.c.obj
                0x100031a8                rom_data_lookup
 .text.rom_funcs_lookup
                0x100031b8       0x44 CMakeFiles/Board_project.dir/C_/Users/User/.pico-sdk/sdk/2.1.0/src/rp2_common/pico_bootrom/bootrom.c.obj
                0x100031b8                rom_funcs_lookup
 .text.xosc_init
                0x100031fc       0x28 CMakeFiles/Board_project.dir/C_/Users/User/.pico-sdk/sdk/2.1.0/src/rp2_common/hardware_xosc/xosc.c.obj
                0x100031fc                xosc_init
 .text.first_per_core_initializer
                0x10003224        0x4 CMakeFiles/Board_project.dir/C_/Users/User/.pico-sdk/sdk/2.1.0/src/rp2_common/pico_runtime/runtime.c.obj
 .text.hard_assertion_failure
                0x10003228        0xc CMakeFiles/Board_project.dir/C_/Users/User/.pico-sdk/sdk/2.1.0/src/rp2_common/pico_runtime/runtime.c.obj
                0x10003228                hard_assertion_failure
 .text.runtime_run_initializers
                0x10003234       0x28 CMakeFiles/Board_project.dir/C_/Users/User/.pico-sdk/sdk/2.1.0/src/rp2_common/pico_runtime/runtime.c.obj
                0x10003234                runtime_run_initializers
 .text.runtime_init_early_resets
                0x1000325c       0x2c CMakeFiles/Board_project.dir/C_/Users/User/.pico-sdk/sdk/2.1.0/src/rp2_common/pico_runtime_init/runtime_init.c.obj
                0x1000325c                runtime_init_early_resets
 .text.runtime_init_usb_power_down
                0x10003288       0x1c CMakeFiles/Board_project.dir/C_/Users/User/.pico-sdk/sdk/2.1.0/src/rp2_common/pico_runtime_init/runtime_init.c.obj
                0x10003288                runtime_init_usb_power_down
 .text.runtime_init_post_clock_resets
                0x100032a4       0x20 CMakeFiles/Board_project.dir/C_/Users/User/.pico-sdk/sdk/2.1.0/src/rp2_common/pico_runtime_init/runtime_init.c.obj
                0x100032a4                runtime_init_post_clock_resets
 .text.runtime_init_rp2040_gpio_ie_disable
                0x100032c4       0x14 CMakeFiles/Board_project.dir/C_/Users/User/.pico-sdk/sdk/2.1.0/src/rp2_common/pico_runtime_init/runtime_init.c.obj
                0x100032c4                runtime_init_rp2040_gpio_ie_disable
 .text.runtime_init_spin_locks_reset
                0x100032d8        0x8 CMakeFiles/Board_project.dir/C_/Users/User/.pico-sdk/sdk/2.1.0/src/rp2_common/pico_runtime_init/runtime_init.c.obj
                0x100032d8                runtime_init_spin_locks_reset
 .text.runtime_init_install_ram_vector_table
                0x100032e0       0x1c CMakeFiles/Board_project.dir/C_/Users/User/.pico-sdk/sdk/2.1.0/src/rp2_common/pico_runtime_init/runtime_init.c.obj
                0x100032e0                runtime_init_install_ram_vector_table
 .text.runtime_init_clocks
                0x100032fc       0xd8 CMakeFiles/Board_project.dir/C_/Users/User/.pico-sdk/sdk/2.1.0/src/rp2_common/pico_runtime_init/runtime_init_clocks.c.obj
                0x100032fc                runtime_init_clocks
 .text          0x100033d4       0x10 CMakeFiles/Board_project.dir/C_/Users/User/.pico-sdk/sdk/2.1.0/src/rp2_common/pico_bit_ops/bit_ops_aeabi.S.obj
 .text.ctzsi    0x100033e4        0xc CMakeFiles/Board_project.dir/C_/Users/User/.pico-sdk/sdk/2.1.0/src/rp2_common/pico_bit_ops/bit_ops_aeabi.S.obj
                0x100033e4                __wrap___ctzsi2
 .text.__wrap___aeabi_idiv
                0x100033f0       0x50 CMakeFiles/Board_project.dir/C_/Users/User/.pico-sdk/sdk/2.1.0/src/rp2_common/pico_divider/divider_hardware.S.obj
                0x100033f0                __wrap___aeabi_idivmod
                0x100033f0                divmod_s32s32
                0x100033f0                div_s32s32
                0x100033f0                __wrap___aeabi_idiv
                0x100033f8                divmod_s32s32_unsafe
                0x10003424                divmod_s32s32_savestate
 .text.__wrap___aeabi_uidiv
                0x10003440       0x4c CMakeFiles/Board_project.dir/C_/Users/User/.pico-sdk/sdk/2.1.0/src/rp2_common/pico_divider/divider_hardware.S.obj
                0x10003440                __wrap___aeabi_uidiv
                0x10003440                __wrap___aeabi_uidivmod
                0x10003440                div_u32u32
                0x10003440                divmod_u32u32
                0x10003448                divmod_u32u32_unsafe
                0x10003470                divmod_u32u32_savestate
 .text.__wrap___aeabi_ldiv
                0x1000348c      0x424 CMakeFiles/Board_project.dir/C_/Users/User/.pico-sdk/sdk/2.1.0/src/rp2_common/pico_divider/divider_hardware.S.obj
                0x1000348c                div_s64s64
                0x1000348c                divmod_s64s64
                0x1000348c                __wrap___aeabi_ldivmod
                0x100034bc                divmod_u64u64
                0x100034bc                div_u64u64
                0x100034bc                __wrap___aeabi_uldivmod
                0x100034cc                divmod_u64u64_savestate
                0x100034ec                divmod_s64s64_unsafe
                0x10003574                divmod_u64u64_unsafe
 .text.__wrap___aeabi_darithmetic
                0x100038b0       0x60 CMakeFiles/Board_project.dir/C_/Users/User/.pico-sdk/sdk/2.1.0/src/rp2_common/pico_double/double_aeabi_rp2040.S.obj
                0x100038b0                __wrap___aeabi_drsub
                0x100038b6                __wrap___aeabi_dsub
                0x100038c0                __wrap___aeabi_dadd
                0x100038ca                __wrap___aeabi_ddiv
                0x100038fe                __wrap___aeabi_dmul
 .text.__wrap___aeabi_cdcmple
                0x10003910       0x6c CMakeFiles/Board_project.dir/C_/Users/User/.pico-sdk/sdk/2.1.0/src/rp2_common/pico_double/double_aeabi_rp2040.S.obj
                0x10003910                __wrap___aeabi_cdrcmple
                0x10003920                __wrap___aeabi_cdcmpeq
                0x10003920                __wrap___aeabi_cdcmple
 .text.__wrap___aeabi_dcmplt
                0x1000397c        0xc CMakeFiles/Board_project.dir/C_/Users/User/.pico-sdk/sdk/2.1.0/src/rp2_common/pico_double/double_aeabi_rp2040.S.obj
                0x1000397c                __wrap___aeabi_dcmplt
 .text.__wrap___aeabi_dcmpge
                0x10003988       0x10 CMakeFiles/Board_project.dir/C_/Users/User/.pico-sdk/sdk/2.1.0/src/rp2_common/pico_double/double_aeabi_rp2040.S.obj
                0x10003988                __wrap___aeabi_dcmpge
 .text.__wrap___aeabi_dcmpgt
                0x10003998        0xa CMakeFiles/Board_project.dir/C_/Users/User/.pico-sdk/sdk/2.1.0/src/rp2_common/pico_double/double_aeabi_rp2040.S.obj
                0x10003998                __wrap___aeabi_dcmpgt
 .text.__wrap___aeabi_dcmpun
                0x100039a2       0x18 CMakeFiles/Board_project.dir/C_/Users/User/.pico-sdk/sdk/2.1.0/src/rp2_common/pico_double/double_aeabi_rp2040.S.obj
                0x100039a2                __wrap___aeabi_dcmpun
 *fill*         0x100039ba        0x2 
 .text.__wrap___aeabi_i2d
                0x100039bc       0x38 CMakeFiles/Board_project.dir/C_/Users/User/.pico-sdk/sdk/2.1.0/src/rp2_common/pico_double/double_aeabi_rp2040.S.obj
                0x100039bc                __wrap___aeabi_ui2d
                0x100039c4                __wrap___aeabi_i2d
 .text.__wrap___aeabi_d2iz
                0x100039f4       0x48 CMakeFiles/Board_project.dir/C_/Users/User/.pico-sdk/sdk/2.1.0/src/rp2_common/pico_double/double_aeabi_rp2040.S.obj
                0x100039f4                double2int_z
                0x100039f4                __wrap___aeabi_d2iz
 .text.__wrap___aeabi_d2uiz
                0x10003a3c       0x10 CMakeFiles/Board_project.dir/C_/Users/User/.pico-sdk/sdk/2.1.0/src/rp2_common/pico_double/double_aeabi_rp2040.S.obj
                0x10003a3c                __wrap___aeabi_d2uiz
                0x10003a3c                double2uint
 .text.__wrap___aeabi_d2f
                0x10003a4c       0x10 CMakeFiles/Board_project.dir/C_/Users/User/.pico-sdk/sdk/2.1.0/src/rp2_common/pico_double/double_aeabi_rp2040.S.obj
                0x10003a4c                __wrap___aeabi_d2f
 .text.missing_double_func_shim
                0x10003a5c        0xc CMakeFiles/Board_project.dir/C_/Users/User/.pico-sdk/sdk/2.1.0/src/rp2_common/pico_double/double_init_rom_rp2040.c.obj
 .text.__aeabi_double_init
                0x10003a68       0xa0 CMakeFiles/Board_project.dir/C_/Users/User/.pico-sdk/sdk/2.1.0/src/rp2_common/pico_double/double_init_rom_rp2040.c.obj
                0x10003a68                __aeabi_double_init
 .text.double_table_shim_on_use_helper
                0x10003b08       0x2c CMakeFiles/Board_project.dir/C_/Users/User/.pico-sdk/sdk/2.1.0/src/rp2_common/pico_double/double_v1_rom_shim_rp2040.S.obj
                0x10003b08                double_table_shim_on_use_helper
 .text.__aeabi_lmul
                0x10003b34       0x32 CMakeFiles/Board_project.dir/C_/Users/User/.pico-sdk/sdk/2.1.0/src/rp2_common/pico_int64_ops/pico_int64_ops_aeabi.S.obj
                0x10003b34                __wrap___aeabi_lmul
 *fill*         0x10003b66        0x2 
 .text.__wrap___aeabi_farithmetic
                0x10003b68       0x48 CMakeFiles/Board_project.dir/C_/Users/User/.pico-sdk/sdk/2.1.0/src/rp2_common/pico_float/float_aeabi_rp2040.S.obj
                0x10003b68                __wrap___aeabi_frsub
                0x10003b6e                __wrap___aeabi_fsub
                0x10003b74                __wrap___aeabi_fadd
                0x10003b7a                __wrap___aeabi_fdiv
                0x10003ba2                __wrap___aeabi_fmul
 .text.__wrap___aeabi_cfcmple
                0x10003bb0       0x50 CMakeFiles/Board_project.dir/C_/Users/User/.pico-sdk/sdk/2.1.0/src/rp2_common/pico_float/float_aeabi_rp2040.S.obj
                0x10003bb0                __wrap___aeabi_cfrcmple
                0x10003bbc                __wrap___aeabi_cfcmple
                0x10003bbc                __wrap___aeabi_cfcmpeq
 .text.__wrap___aeabi_fcmplt
                0x10003c00        0xc CMakeFiles/Board_project.dir/C_/Users/User/.pico-sdk/sdk/2.1.0/src/rp2_common/pico_float/float_aeabi_rp2040.S.obj
                0x10003c00                __wrap___aeabi_fcmplt
 .text.__wrap___aeabi_fcmpgt
                0x10003c0c        0xa CMakeFiles/Board_project.dir/C_/Users/User/.pico-sdk/sdk/2.1.0/src/rp2_common/pico_float/float_aeabi_rp2040.S.obj
                0x10003c0c                __wrap___aeabi_fcmpgt
 .text.__wrap___aeabi_ui2f
                0x10003c16        0xa CMakeFiles/Board_project.dir/C_/Users/User/.pico-sdk/sdk/2.1.0/src/rp2_common/pico_float/float_aeabi_rp2040.S.obj
                0x10003c16                __wrap___aeabi_ui2f
                0x10003c16                uint2float
 .text.__wrap___aeabi_i2f
                0x10003c20       0x44 CMakeFiles/Board_project.dir/C_/Users/User/.pico-sdk/sdk/2.1.0/src/rp2_common/pico_float/float_aeabi_rp2040.S.obj
                0x10003c20                __wrap___aeabi_i2f
                0x10003c20                int2float
 .text.__wrap___aeabi_f2uiz
                0x10003c64        0xc CMakeFiles/Board_project.dir/C_/Users/User/.pico-sdk/sdk/2.1.0/src/rp2_common/pico_float/float_aeabi_rp2040.S.obj
                0x10003c64                __wrap___aeabi_f2uiz
                0x10003c64                float2uint_z
 .text.__wrap___aeabi_f2d
                0x10003c70        0xc CMakeFiles/Board_project.dir/C_/Users/User/.pico-sdk/sdk/2.1.0/src/rp2_common/pico_float/float_aeabi_rp2040.S.obj
                0x10003c70                __wrap___aeabi_f2d
 .text.missing_float_func_shim
                0x10003c7c        0xc CMakeFiles/Board_project.dir/C_/Users/User/.pico-sdk/sdk/2.1.0/src/rp2_common/pico_float/float_init_rom_rp2040.c.obj
 .text.__aeabi_float_init
                0x10003c88       0x5c CMakeFiles/Board_project.dir/C_/Users/User/.pico-sdk/sdk/2.1.0/src/rp2_common/pico_float/float_init_rom_rp2040.c.obj
                0x10003c88                __aeabi_float_init
 .text.__wrap_malloc
                0x10003ce4       0x24 CMakeFiles/Board_project.dir/C_/Users/User/.pico-sdk/sdk/2.1.0/src/rp2_common/pico_malloc/malloc.c.obj
                0x10003ce4                __wrap_malloc
 .text.__wrap_calloc
                0x10003d08       0x28 CMakeFiles/Board_project.dir/C_/Users/User/.pico-sdk/sdk/2.1.0/src/rp2_common/pico_malloc/malloc.c.obj
                0x10003d08                __wrap_calloc
 .text.__wrap_free
                0x10003d30        0x8 CMakeFiles/Board_project.dir/C_/Users/User/.pico-sdk/sdk/2.1.0/src/rp2_common/pico_malloc/malloc.c.obj
                0x10003d30                __wrap_free
 .text          0x10003d38       0x10 CMakeFiles/Board_project.dir/C_/Users/User/.pico-sdk/sdk/2.1.0/src/rp2_common/pico_mem_ops/mem_ops_aeabi.S.obj
                0x10003d38                __aeabi_mem_init
 .text.memset   0x10003d48        0xc CMakeFiles/Board_project.dir/C_/Users/User/.pico-sdk/sdk/2.1.0/src/rp2_common/pico_mem_ops/mem_ops_aeabi.S.obj
                0x10003d48                __wrap_memset
 .text.memcpy   0x10003d54        0xc CMakeFiles/Board_project.dir/C_/Users/User/.pico-sdk/sdk/2.1.0/src/rp2_common/pico_mem_ops/mem_ops_aeabi.S.obj
                0x10003d54                __wrap_memcpy
                0x10003d54                __wrap___aeabi_memcpy
 .text._out_buffer
                0x10003d60        0x8 CMakeFiles/Board_project.dir/C_/Users/User/.pico-sdk/sdk/2.1.0/src/rp2_common/pico_printf/printf.c.obj
 .text._out_null
                0x10003d68        0x4 CMakeFiles/Board_project.dir/C_/Users/User/.pico-sdk/sdk/2.1.0/src/rp2_common/pico_printf/printf.c.obj
 .text._out_rev
                0x10003d6c       0xac CMakeFiles/Board_project.dir/C_/Users/User/.pico-sdk/sdk/2.1.0/src/rp2_common/pico_printf/printf.c.obj
 .text._ntoa_format
                0x10003e18      0x250 CMakeFiles/Board_project.dir/C_/Users/User/.pico-sdk/sdk/2.1.0/src/rp2_common/pico_printf/printf.c.obj
 .text._out_char
                0x10004068       0x10 CMakeFiles/Board_project.dir/C_/Users/User/.pico-sdk/sdk/2.1.0/src/rp2_common/pico_printf/printf.c.obj
 .text._out_fct
                0x10004078       0x10 CMakeFiles/Board_project.dir/C_/Users/User/.pico-sdk/sdk/2.1.0/src/rp2_common/pico_printf/printf.c.obj
 .text._etoa    0x10004088      0x464 CMakeFiles/Board_project.dir/C_/Users/User/.pico-sdk/sdk/2.1.0/src/rp2_common/pico_printf/printf.c.obj
 .text._ftoa    0x100044ec      0x3c0 CMakeFiles/Board_project.dir/C_/Users/User/.pico-sdk/sdk/2.1.0/src/rp2_common/pico_printf/printf.c.obj
 .text._vsnprintf
                0x100048ac      0xbc8 CMakeFiles/Board_project.dir/C_/Users/User/.pico-sdk/sdk/2.1.0/src/rp2_common/pico_printf/printf.c.obj
 .text.__wrap_snprintf
                0x10005474       0x28 CMakeFiles/Board_project.dir/C_/Users/User/.pico-sdk/sdk/2.1.0/src/rp2_common/pico_printf/printf.c.obj
                0x10005474                __wrap_snprintf
 .text.vfctprintf
                0x1000549c       0x20 CMakeFiles/Board_project.dir/C_/Users/User/.pico-sdk/sdk/2.1.0/src/rp2_common/pico_printf/printf.c.obj
                0x1000549c                vfctprintf
 .text.weak_raw_vprintf
                0x100054bc       0x30 CMakeFiles/Board_project.dir/C_/Users/User/.pico-sdk/sdk/2.1.0/src/rp2_common/pico_printf/printf.c.obj
                0x100054bc                weak_raw_vprintf
 .text._exit    0x100054ec        0x4 CMakeFiles/Board_project.dir/C_/Users/User/.pico-sdk/sdk/2.1.0/src/rp2_common/pico_clib_interface/newlib_interface.c.obj
                0x100054ec                _exit
 .text._sbrk    0x100054f0       0x34 CMakeFiles/Board_project.dir/C_/Users/User/.pico-sdk/sdk/2.1.0/src/rp2_common/pico_clib_interface/newlib_interface.c.obj
                0x100054f0                _sbrk
 .text.exit     0x10005524        0x8 CMakeFiles/Board_project.dir/C_/Users/User/.pico-sdk/sdk/2.1.0/src/rp2_common/pico_clib_interface/newlib_interface.c.obj
                0x10005524                exit
 .text.runtime_init
                0x1000552c       0x2c CMakeFiles/Board_project.dir/C_/Users/User/.pico-sdk/sdk/2.1.0/src/rp2_common/pico_clib_interface/newlib_interface.c.obj
                0x1000552c                runtime_init
 .text.stdio_out_chars_no_crlf
                0x10005558       0x10 CMakeFiles/Board_project.dir/C_/Users/User/.pico-sdk/sdk/2.1.0/src/rp2_common/pico_stdio/stdio.c.obj
 .text.stdio_out_chars_crlf
                0x10005568       0x94 CMakeFiles/Board_project.dir/C_/Users/User/.pico-sdk/sdk/2.1.0/src/rp2_common/pico_stdio/stdio.c.obj
 .text.stdio_buffered_printer
                0x100055fc       0x64 CMakeFiles/Board_project.dir/C_/Users/User/.pico-sdk/sdk/2.1.0/src/rp2_common/pico_stdio/stdio.c.obj
 .text.stdio_put_string
                0x10005660      0x100 CMakeFiles/Board_project.dir/C_/Users/User/.pico-sdk/sdk/2.1.0/src/rp2_common/pico_stdio/stdio.c.obj
                0x10005660                stdio_put_string
 .text.stdio_set_driver_enabled
                0x10005760       0x30 CMakeFiles/Board_project.dir/C_/Users/User/.pico-sdk/sdk/2.1.0/src/rp2_common/pico_stdio/stdio.c.obj
                0x10005760                stdio_set_driver_enabled
 .text.stdio_init_all
                0x10005790        0xc CMakeFiles/Board_project.dir/C_/Users/User/.pico-sdk/sdk/2.1.0/src/rp2_common/pico_stdio/stdio.c.obj
                0x10005790                stdio_init_all
 .text.__wrap_putchar
                0x1000579c       0x98 CMakeFiles/Board_project.dir/C_/Users/User/.pico-sdk/sdk/2.1.0/src/rp2_common/pico_stdio/stdio.c.obj
                0x1000579c                __wrap_putchar
                0x1000579c                stdio_putchar
 .text.__wrap_puts
                0x10005834       0x3c CMakeFiles/Board_project.dir/C_/Users/User/.pico-sdk/sdk/2.1.0/src/rp2_common/pico_stdio/stdio.c.obj
                0x10005834                stdio_puts
                0x10005834                __wrap_puts
 .text.__wrap_vprintf
                0x10005870       0xd4 CMakeFiles/Board_project.dir/C_/Users/User/.pico-sdk/sdk/2.1.0/src/rp2_common/pico_stdio/stdio.c.obj
                0x10005870                stdio_vprintf
                0x10005870                __wrap_vprintf
 .text.__wrap_printf
                0x10005944       0x18 CMakeFiles/Board_project.dir/C_/Users/User/.pico-sdk/sdk/2.1.0/src/rp2_common/pico_stdio/stdio.c.obj
                0x10005944                __wrap_printf
                0x10005944                stdio_printf
 .text.stdio_uart_out_chars
                0x1000595c       0x4c CMakeFiles/Board_project.dir/C_/Users/User/.pico-sdk/sdk/2.1.0/src/rp2_common/pico_stdio_uart/stdio_uart.c.obj
 .text.stdio_uart_in_chars
                0x100059a8       0x90 CMakeFiles/Board_project.dir/C_/Users/User/.pico-sdk/sdk/2.1.0/src/rp2_common/pico_stdio_uart/stdio_uart.c.obj
                0x100059a8                stdio_uart_in_chars
 .text.on_uart_rx
                0x10005a38       0x28 CMakeFiles/Board_project.dir/C_/Users/User/.pico-sdk/sdk/2.1.0/src/rp2_common/pico_stdio_uart/stdio_uart.c.obj
 .text.stdio_uart_out_flush
                0x10005a60       0x14 CMakeFiles/Board_project.dir/C_/Users/User/.pico-sdk/sdk/2.1.0/src/rp2_common/pico_stdio_uart/stdio_uart.c.obj
 .text.stdio_uart_set_chars_available_callback
                0x10005a74       0x84 CMakeFiles/Board_project.dir/C_/Users/User/.pico-sdk/sdk/2.1.0/src/rp2_common/pico_stdio_uart/stdio_uart.c.obj
 .text.stdio_uart_init
                0x10005af8       0x50 CMakeFiles/Board_project.dir/C_/Users/User/.pico-sdk/sdk/2.1.0/src/rp2_common/pico_stdio_uart/stdio_uart.c.obj
                0x10005af8                stdio_uart_init
 .text.i2c_write_blocking_internal.constprop.0
                0x10005b48       0xd0 CMakeFiles/Board_project.dir/C_/Users/User/.pico-sdk/sdk/2.1.0/src/rp2_common/hardware_i2c/i2c.c.obj
 .text.i2c_set_baudrate
                0x10005c18       0xc0 CMakeFiles/Board_project.dir/C_/Users/User/.pico-sdk/sdk/2.1.0/src/rp2_common/hardware_i2c/i2c.c.obj
                0x10005c18                i2c_set_baudrate
 .text.i2c_init
                0x10005cd8       0x50 CMakeFiles/Board_project.dir/C_/Users/User/.pico-sdk/sdk/2.1.0/src/rp2_common/hardware_i2c/i2c.c.obj
                0x10005cd8                i2c_init
 .text.i2c_write_blocking
                0x10005d28       0x14 CMakeFiles/Board_project.dir/C_/Users/User/.pico-sdk/sdk/2.1.0/src/rp2_common/hardware_i2c/i2c.c.obj
                0x10005d28                i2c_write_blocking
 .text.adc_init
                0x10005d3c       0x38 CMakeFiles/Board_project.dir/C_/Users/User/.pico-sdk/sdk/2.1.0/src/rp2_common/hardware_adc/adc.c.obj
                0x10005d3c                adc_init
 .text.pio_add_program
                0x10005d74      0x104 CMakeFiles/Board_project.dir/C_/Users/User/.pico-sdk/sdk/2.1.0/src/rp2_common/hardware_pio/pio.c.obj
                0x10005d74                pio_add_program
 .text.pio_sm_set_pindirs_with_mask64
                0x10005e78       0xac CMakeFiles/Board_project.dir/C_/Users/User/.pico-sdk/sdk/2.1.0/src/rp2_common/hardware_pio/pio.c.obj
                0x10005e78                pio_sm_set_pindirs_with_mask64
 .text.pio_sm_set_consecutive_pindirs
                0x10005f24       0xb4 CMakeFiles/Board_project.dir/C_/Users/User/.pico-sdk/sdk/2.1.0/src/rp2_common/hardware_pio/pio.c.obj
                0x10005f24                pio_sm_set_consecutive_pindirs
 .text.pio_sm_init
                0x10005fd8       0x9c CMakeFiles/Board_project.dir/C_/Users/User/.pico-sdk/sdk/2.1.0/src/rp2_common/hardware_pio/pio.c.obj
                0x10005fd8                pio_sm_init
 .text.pio_claim_free_sm_and_add_program_for_gpio_range
                0x10006074      0x18c CMakeFiles/Board_project.dir/C_/Users/User/.pico-sdk/sdk/2.1.0/src/rp2_common/hardware_pio/pio.c.obj
                0x10006074                pio_claim_free_sm_and_add_program_for_gpio_range
 .text.pio_remove_program_and_unclaim_sm
                0x10006200       0x40 CMakeFiles/Board_project.dir/C_/Users/User/.pico-sdk/sdk/2.1.0/src/rp2_common/hardware_pio/pio.c.obj
                0x10006200                pio_remove_program_and_unclaim_sm
 .text.lwip_timeout_reached
                0x10006240        0x8 CMakeFiles/Board_project.dir/C_/Users/User/.pico-sdk/sdk/2.1.0/src/rp2_common/pico_lwip/lwip_nosys.c.obj
 .text.update_next_timeout
                0x10006248       0x60 CMakeFiles/Board_project.dir/C_/Users/User/.pico-sdk/sdk/2.1.0/src/rp2_common/pico_lwip/lwip_nosys.c.obj
 .text.lwip_nosys_init
                0x100062a8       0x30 CMakeFiles/Board_project.dir/C_/Users/User/.pico-sdk/sdk/2.1.0/src/rp2_common/pico_lwip/lwip_nosys.c.obj
                0x100062a8                lwip_nosys_init
 .text.lwip_nosys_deinit
                0x100062d8       0x20 CMakeFiles/Board_project.dir/C_/Users/User/.pico-sdk/sdk/2.1.0/src/rp2_common/pico_lwip/lwip_nosys.c.obj
                0x100062d8                lwip_nosys_deinit
 .text.sys_arch_protect
                0x100062f8        0x4 CMakeFiles/Board_project.dir/C_/Users/User/.pico-sdk/sdk/2.1.0/src/rp2_common/pico_lwip/lwip_nosys.c.obj
                0x100062f8                sys_arch_protect
 .text.sys_arch_unprotect
                0x100062fc        0x4 CMakeFiles/Board_project.dir/C_/Users/User/.pico-sdk/sdk/2.1.0/src/rp2_common/pico_lwip/lwip_nosys.c.obj
                0x100062fc                sys_arch_unprotect
 .text.sys_now  0x10006300       0x20 CMakeFiles/Board_project.dir/C_/Users/User/.pico-sdk/sdk/2.1.0/src/rp2_common/pico_lwip/lwip_nosys.c.obj
                0x10006300                sys_now
 .text.async_context_base_add_at_time_worker
                0x10006320       0x24 CMakeFiles/Board_project.dir/C_/Users/User/.pico-sdk/sdk/2.1.0/src/rp2_common/pico_async_context/async_context_base.c.obj
                0x10006320                async_context_base_add_at_time_worker
 .text.async_context_base_remove_at_time_worker
                0x10006344       0x28 CMakeFiles/Board_project.dir/C_/Users/User/.pico-sdk/sdk/2.1.0/src/rp2_common/pico_async_context/async_context_base.c.obj
                0x10006344                async_context_base_remove_at_time_worker
 .text.async_context_base_add_when_pending_worker
                0x1000636c       0x24 CMakeFiles/Board_project.dir/C_/Users/User/.pico-sdk/sdk/2.1.0/src/rp2_common/pico_async_context/async_context_base.c.obj
                0x1000636c                async_context_base_add_when_pending_worker
 .text.async_context_base_remove_when_pending_worker
                0x10006390       0x28 CMakeFiles/Board_project.dir/C_/Users/User/.pico-sdk/sdk/2.1.0/src/rp2_common/pico_async_context/async_context_base.c.obj
                0x10006390                async_context_base_remove_when_pending_worker
 .text.async_context_base_execute_once
                0x100063b8      0x108 CMakeFiles/Board_project.dir/C_/Users/User/.pico-sdk/sdk/2.1.0/src/rp2_common/pico_async_context/async_context_base.c.obj
                0x100063b8                async_context_base_execute_once
 .text.splitmix64
                0x100064c0       0x58 CMakeFiles/Board_project.dir/C_/Users/User/.pico-sdk/sdk/2.1.0/src/rp2_common/pico_rand/rand.c.obj
 .text.xoroshiro128ss
                0x10006518       0x90 CMakeFiles/Board_project.dir/C_/Users/User/.pico-sdk/sdk/2.1.0/src/rp2_common/pico_rand/rand.c.obj
 .text.get_rand_64
                0x100065a8      0x4a4 CMakeFiles/Board_project.dir/C_/Users/User/.pico-sdk/sdk/2.1.0/src/rp2_common/pico_rand/rand.c.obj
                0x100065a8                get_rand_64
 .text.get_rand_32
                0x10006a4c        0x8 CMakeFiles/Board_project.dir/C_/Users/User/.pico-sdk/sdk/2.1.0/src/rp2_common/pico_rand/rand.c.obj
                0x10006a4c                get_rand_32
 .text.startup._retrieve_unique_id_on_boot
                0x10006a54       0x10 CMakeFiles/Board_project.dir/C_/Users/User/.pico-sdk/sdk/2.1.0/src/rp2_common/pico_unique_id/unique_id.c.obj
 .text.pico_get_unique_board_id
                0x10006a64       0x10 CMakeFiles/Board_project.dir/C_/Users/User/.pico-sdk/sdk/2.1.0/src/rp2_common/pico_unique_id/unique_id.c.obj
                0x10006a64                pico_get_unique_board_id
 .text.flash_get_unique_id
                0x10006a74       0x3c CMakeFiles/Board_project.dir/C_/Users/User/.pico-sdk/sdk/2.1.0/src/rp2_common/hardware_flash/flash.c.obj
                0x10006a74                flash_get_unique_id
 .text.lwip_init
                0x10006ab0       0x24 CMakeFiles/Board_project.dir/C_/Users/User/.pico-sdk/sdk/2.1.0/lib/lwip/src/core/init.c.obj
                0x10006ab0                lwip_init
 .text.lwip_htons
                0x10006ad4        0x8 CMakeFiles/Board_project.dir/C_/Users/User/.pico-sdk/sdk/2.1.0/lib/lwip/src/core/def.c.obj
                0x10006ad4                lwip_htons
 .text.lwip_htonl
                0x10006adc        0x4 CMakeFiles/Board_project.dir/C_/Users/User/.pico-sdk/sdk/2.1.0/lib/lwip/src/core/def.c.obj
                0x10006adc                lwip_htonl
 .text.dns_call_found
                0x10006ae0      0x184 CMakeFiles/Board_project.dir/C_/Users/User/.pico-sdk/sdk/2.1.0/lib/lwip/src/core/dns.c.obj
 .text.dns_send.isra.0
                0x10006c64      0x174 CMakeFiles/Board_project.dir/C_/Users/User/.pico-sdk/sdk/2.1.0/lib/lwip/src/core/dns.c.obj
 .text.dns_init
                0x10006dd8        0x4 CMakeFiles/Board_project.dir/C_/Users/User/.pico-sdk/sdk/2.1.0/lib/lwip/src/core/dns.c.obj
                0x10006dd8                dns_init
 .text.dns_setserver
                0x10006ddc       0x24 CMakeFiles/Board_project.dir/C_/Users/User/.pico-sdk/sdk/2.1.0/lib/lwip/src/core/dns.c.obj
                0x10006ddc                dns_setserver
 .text.dns_tmr  0x10006e00      0x140 CMakeFiles/Board_project.dir/C_/Users/User/.pico-sdk/sdk/2.1.0/lib/lwip/src/core/dns.c.obj
                0x10006e00                dns_tmr
 .text.lwip_standard_chksum
                0x10006f40       0xdc CMakeFiles/Board_project.dir/C_/Users/User/.pico-sdk/sdk/2.1.0/lib/lwip/src/core/inet_chksum.c.obj
                0x10006f40                lwip_standard_chksum
 .text.inet_chksum_pseudo
                0x1000701c       0xbc CMakeFiles/Board_project.dir/C_/Users/User/.pico-sdk/sdk/2.1.0/lib/lwip/src/core/inet_chksum.c.obj
                0x1000701c                inet_chksum_pseudo
 .text.ip_chksum_pseudo
                0x100070d8       0x10 CMakeFiles/Board_project.dir/C_/Users/User/.pico-sdk/sdk/2.1.0/lib/lwip/src/core/inet_chksum.c.obj
                0x100070d8                ip_chksum_pseudo
 .text.inet_chksum
                0x100070e8        0xc CMakeFiles/Board_project.dir/C_/Users/User/.pico-sdk/sdk/2.1.0/lib/lwip/src/core/inet_chksum.c.obj
                0x100070e8                inet_chksum
 .text.inet_chksum_pbuf
                0x100070f4       0x78 CMakeFiles/Board_project.dir/C_/Users/User/.pico-sdk/sdk/2.1.0/lib/lwip/src/core/inet_chksum.c.obj
                0x100070f4                inet_chksum_pbuf
 .text.mem_init
                0x1000716c       0x3c CMakeFiles/Board_project.dir/C_/Users/User/.pico-sdk/sdk/2.1.0/lib/lwip/src/core/mem.c.obj
                0x1000716c                mem_init
 .text.mem_free
                0x100071a8      0x130 CMakeFiles/Board_project.dir/C_/Users/User/.pico-sdk/sdk/2.1.0/lib/lwip/src/core/mem.c.obj
                0x100071a8                mem_free
 .text.mem_trim
                0x100072d8      0x104 CMakeFiles/Board_project.dir/C_/Users/User/.pico-sdk/sdk/2.1.0/lib/lwip/src/core/mem.c.obj
                0x100072d8                mem_trim
 .text.mem_malloc
                0x100073dc      0x124 CMakeFiles/Board_project.dir/C_/Users/User/.pico-sdk/sdk/2.1.0/lib/lwip/src/core/mem.c.obj
                0x100073dc                mem_malloc
 .text.memp_init
                0x10007500       0x6c CMakeFiles/Board_project.dir/C_/Users/User/.pico-sdk/sdk/2.1.0/lib/lwip/src/core/memp.c.obj
                0x10007500                memp_init
 .text.memp_malloc
                0x1000756c       0x40 CMakeFiles/Board_project.dir/C_/Users/User/.pico-sdk/sdk/2.1.0/lib/lwip/src/core/memp.c.obj
                0x1000756c                memp_malloc
 .text.memp_free
                0x100075ac       0x38 CMakeFiles/Board_project.dir/C_/Users/User/.pico-sdk/sdk/2.1.0/lib/lwip/src/core/memp.c.obj
                0x100075ac                memp_free
 .text.netif_null_output_ip4
                0x100075e4        0x8 CMakeFiles/Board_project.dir/C_/Users/User/.pico-sdk/sdk/2.1.0/lib/lwip/src/core/netif.c.obj
 .text.netif_do_set_ipaddr.isra.0
                0x100075ec       0x60 CMakeFiles/Board_project.dir/C_/Users/User/.pico-sdk/sdk/2.1.0/lib/lwip/src/core/netif.c.obj
 .text.netif_init
                0x1000764c        0x4 CMakeFiles/Board_project.dir/C_/Users/User/.pico-sdk/sdk/2.1.0/lib/lwip/src/core/netif.c.obj
                0x1000764c                netif_init
 .text.netif_add
                0x10007650      0x16c CMakeFiles/Board_project.dir/C_/Users/User/.pico-sdk/sdk/2.1.0/lib/lwip/src/core/netif.c.obj
                0x10007650                netif_add
 .text.netif_set_addr
                0x100077bc       0xb4 CMakeFiles/Board_project.dir/C_/Users/User/.pico-sdk/sdk/2.1.0/lib/lwip/src/core/netif.c.obj
                0x100077bc                netif_set_addr
 .text.netif_remove
                0x10007870       0x94 CMakeFiles/Board_project.dir/C_/Users/User/.pico-sdk/sdk/2.1.0/lib/lwip/src/core/netif.c.obj
                0x10007870                netif_remove
 .text.netif_set_default
                0x10007904        0xc CMakeFiles/Board_project.dir/C_/Users/User/.pico-sdk/sdk/2.1.0/lib/lwip/src/core/netif.c.obj
                0x10007904                netif_set_default
 .text.netif_set_up
                0x10007910       0x40 CMakeFiles/Board_project.dir/C_/Users/User/.pico-sdk/sdk/2.1.0/lib/lwip/src/core/netif.c.obj
                0x10007910                netif_set_up
 .text.netif_set_link_up
                0x10007950       0x44 CMakeFiles/Board_project.dir/C_/Users/User/.pico-sdk/sdk/2.1.0/lib/lwip/src/core/netif.c.obj
                0x10007950                netif_set_link_up
 .text.netif_set_link_down
                0x10007994       0x20 CMakeFiles/Board_project.dir/C_/Users/User/.pico-sdk/sdk/2.1.0/lib/lwip/src/core/netif.c.obj
                0x10007994                netif_set_link_down
 .text.netif_get_by_index
                0x100079b4       0x2c CMakeFiles/Board_project.dir/C_/Users/User/.pico-sdk/sdk/2.1.0/lib/lwip/src/core/netif.c.obj
                0x100079b4                netif_get_by_index
 .text.pbuf_free.part.0
                0x100079e0       0x7c CMakeFiles/Board_project.dir/C_/Users/User/.pico-sdk/sdk/2.1.0/lib/lwip/src/core/pbuf.c.obj
 .text.pbuf_free_ooseq
                0x10007a5c       0x34 CMakeFiles/Board_project.dir/C_/Users/User/.pico-sdk/sdk/2.1.0/lib/lwip/src/core/pbuf.c.obj
                0x10007a5c                pbuf_free_ooseq
 .text.pbuf_alloc
                0x10007a90      0x134 CMakeFiles/Board_project.dir/C_/Users/User/.pico-sdk/sdk/2.1.0/lib/lwip/src/core/pbuf.c.obj
                0x10007a90                pbuf_alloc
 .text.pbuf_realloc
                0x10007bc4       0x84 CMakeFiles/Board_project.dir/C_/Users/User/.pico-sdk/sdk/2.1.0/lib/lwip/src/core/pbuf.c.obj
                0x10007bc4                pbuf_realloc
 .text.pbuf_add_header
                0x10007c48       0x50 CMakeFiles/Board_project.dir/C_/Users/User/.pico-sdk/sdk/2.1.0/lib/lwip/src/core/pbuf.c.obj
                0x10007c48                pbuf_add_header
 .text.pbuf_remove_header
                0x10007c98       0x3c CMakeFiles/Board_project.dir/C_/Users/User/.pico-sdk/sdk/2.1.0/lib/lwip/src/core/pbuf.c.obj
                0x10007c98                pbuf_remove_header
 .text.pbuf_header_force
                0x10007cd4       0x68 CMakeFiles/Board_project.dir/C_/Users/User/.pico-sdk/sdk/2.1.0/lib/lwip/src/core/pbuf.c.obj
                0x10007cd4                pbuf_header_force
 .text.pbuf_free
                0x10007d3c       0x18 CMakeFiles/Board_project.dir/C_/Users/User/.pico-sdk/sdk/2.1.0/lib/lwip/src/core/pbuf.c.obj
                0x10007d3c                pbuf_free
 .text.pbuf_clen
                0x10007d54       0x14 CMakeFiles/Board_project.dir/C_/Users/User/.pico-sdk/sdk/2.1.0/lib/lwip/src/core/pbuf.c.obj
                0x10007d54                pbuf_clen
 .text.pbuf_ref
                0x10007d68       0x28 CMakeFiles/Board_project.dir/C_/Users/User/.pico-sdk/sdk/2.1.0/lib/lwip/src/core/pbuf.c.obj
                0x10007d68                pbuf_ref
 .text.pbuf_cat
                0x10007d90       0x44 CMakeFiles/Board_project.dir/C_/Users/User/.pico-sdk/sdk/2.1.0/lib/lwip/src/core/pbuf.c.obj
                0x10007d90                pbuf_cat
 .text.pbuf_chain
                0x10007dd4       0x64 CMakeFiles/Board_project.dir/C_/Users/User/.pico-sdk/sdk/2.1.0/lib/lwip/src/core/pbuf.c.obj
                0x10007dd4                pbuf_chain
 .text.pbuf_copy_partial_pbuf
                0x10007e38      0x148 CMakeFiles/Board_project.dir/C_/Users/User/.pico-sdk/sdk/2.1.0/lib/lwip/src/core/pbuf.c.obj
                0x10007e38                pbuf_copy_partial_pbuf
 .text.pbuf_copy
                0x10007f80       0x18 CMakeFiles/Board_project.dir/C_/Users/User/.pico-sdk/sdk/2.1.0/lib/lwip/src/core/pbuf.c.obj
                0x10007f80                pbuf_copy
 .text.pbuf_copy_partial
                0x10007f98       0x68 CMakeFiles/Board_project.dir/C_/Users/User/.pico-sdk/sdk/2.1.0/lib/lwip/src/core/pbuf.c.obj
                0x10007f98                pbuf_copy_partial
 .text.pbuf_take
                0x10008000       0x78 CMakeFiles/Board_project.dir/C_/Users/User/.pico-sdk/sdk/2.1.0/lib/lwip/src/core/pbuf.c.obj
                0x10008000                pbuf_take
 .text.pbuf_take_at
                0x10008078       0xcc CMakeFiles/Board_project.dir/C_/Users/User/.pico-sdk/sdk/2.1.0/lib/lwip/src/core/pbuf.c.obj
                0x10008078                pbuf_take_at
 .text.pbuf_clone
                0x10008144       0x30 CMakeFiles/Board_project.dir/C_/Users/User/.pico-sdk/sdk/2.1.0/lib/lwip/src/core/pbuf.c.obj
                0x10008144                pbuf_clone
 .text.pbuf_put_at
                0x10008174       0x1c CMakeFiles/Board_project.dir/C_/Users/User/.pico-sdk/sdk/2.1.0/lib/lwip/src/core/pbuf.c.obj
                0x10008174                pbuf_put_at
 .text.raw_input
                0x10008190      0x164 CMakeFiles/Board_project.dir/C_/Users/User/.pico-sdk/sdk/2.1.0/lib/lwip/src/core/raw.c.obj
                0x10008190                raw_input
 .text.raw_netif_ip_addr_changed
                0x100082f4       0x40 CMakeFiles/Board_project.dir/C_/Users/User/.pico-sdk/sdk/2.1.0/lib/lwip/src/core/raw.c.obj
                0x100082f4                raw_netif_ip_addr_changed
 .text.stats_init
                0x10008334        0x4 CMakeFiles/Board_project.dir/C_/Users/User/.pico-sdk/sdk/2.1.0/lib/lwip/src/core/stats.c.obj
                0x10008334                stats_init
 .text.tcp_close_shutdown_fin
                0x10008338       0x54 CMakeFiles/Board_project.dir/C_/Users/User/.pico-sdk/sdk/2.1.0/lib/lwip/src/core/tcp.c.obj
 .text.tcp_pcb_purge.part.0
                0x1000838c       0xc4 CMakeFiles/Board_project.dir/C_/Users/User/.pico-sdk/sdk/2.1.0/lib/lwip/src/core/tcp.c.obj
 .text.tcp_init
                0x10008450       0x20 CMakeFiles/Board_project.dir/C_/Users/User/.pico-sdk/sdk/2.1.0/lib/lwip/src/core/tcp.c.obj
                0x10008450                tcp_init
 .text.tcp_free
                0x10008470       0x1c CMakeFiles/Board_project.dir/C_/Users/User/.pico-sdk/sdk/2.1.0/lib/lwip/src/core/tcp.c.obj
                0x10008470                tcp_free
 .text.tcp_bind
                0x1000848c       0xf4 CMakeFiles/Board_project.dir/C_/Users/User/.pico-sdk/sdk/2.1.0/lib/lwip/src/core/tcp.c.obj
                0x1000848c                tcp_bind
 .text.tcp_listen_with_backlog
                0x10008580       0x98 CMakeFiles/Board_project.dir/C_/Users/User/.pico-sdk/sdk/2.1.0/lib/lwip/src/core/tcp.c.obj
                0x10008580                tcp_listen_with_backlog
 .text.tcp_update_rcv_ann_wnd
                0x10008618       0x58 CMakeFiles/Board_project.dir/C_/Users/User/.pico-sdk/sdk/2.1.0/lib/lwip/src/core/tcp.c.obj
                0x10008618                tcp_update_rcv_ann_wnd
 .text.tcp_recved
                0x10008670       0x98 CMakeFiles/Board_project.dir/C_/Users/User/.pico-sdk/sdk/2.1.0/lib/lwip/src/core/tcp.c.obj
                0x10008670                tcp_recved
 .text.tcp_slowtmr
                0x10008708      0x524 CMakeFiles/Board_project.dir/C_/Users/User/.pico-sdk/sdk/2.1.0/lib/lwip/src/core/tcp.c.obj
                0x10008708                tcp_slowtmr
 .text.tcp_segs_free
                0x10008c2c       0x38 CMakeFiles/Board_project.dir/C_/Users/User/.pico-sdk/sdk/2.1.0/lib/lwip/src/core/tcp.c.obj
                0x10008c2c                tcp_segs_free
 .text.tcp_seg_free
                0x10008c64       0x1c CMakeFiles/Board_project.dir/C_/Users/User/.pico-sdk/sdk/2.1.0/lib/lwip/src/core/tcp.c.obj
                0x10008c64                tcp_seg_free
 .text.tcp_seg_copy
                0x10008c80       0x2c CMakeFiles/Board_project.dir/C_/Users/User/.pico-sdk/sdk/2.1.0/lib/lwip/src/core/tcp.c.obj
                0x10008c80                tcp_seg_copy
 .text.tcp_arg  0x10008cac        0x8 CMakeFiles/Board_project.dir/C_/Users/User/.pico-sdk/sdk/2.1.0/lib/lwip/src/core/tcp.c.obj
                0x10008cac                tcp_arg
 .text.tcp_recv
                0x10008cb4       0x1c CMakeFiles/Board_project.dir/C_/Users/User/.pico-sdk/sdk/2.1.0/lib/lwip/src/core/tcp.c.obj
                0x10008cb4                tcp_recv
 .text.tcp_sent
                0x10008cd0       0x1c CMakeFiles/Board_project.dir/C_/Users/User/.pico-sdk/sdk/2.1.0/lib/lwip/src/core/tcp.c.obj
                0x10008cd0                tcp_sent
 .text.tcp_err  0x10008cec       0x1c CMakeFiles/Board_project.dir/C_/Users/User/.pico-sdk/sdk/2.1.0/lib/lwip/src/core/tcp.c.obj
                0x10008cec                tcp_err
 .text.tcp_accept
                0x10008d08       0x10 CMakeFiles/Board_project.dir/C_/Users/User/.pico-sdk/sdk/2.1.0/lib/lwip/src/core/tcp.c.obj
                0x10008d08                tcp_accept
 .text.tcp_poll
                0x10008d18       0x20 CMakeFiles/Board_project.dir/C_/Users/User/.pico-sdk/sdk/2.1.0/lib/lwip/src/core/tcp.c.obj
                0x10008d18                tcp_poll
 .text.tcp_pcb_purge
                0x10008d38       0x18 CMakeFiles/Board_project.dir/C_/Users/User/.pico-sdk/sdk/2.1.0/lib/lwip/src/core/tcp.c.obj
                0x10008d38                tcp_pcb_purge
 .text.tcp_pcb_remove
                0x10008d50       0xc8 CMakeFiles/Board_project.dir/C_/Users/User/.pico-sdk/sdk/2.1.0/lib/lwip/src/core/tcp.c.obj
                0x10008d50                tcp_pcb_remove
 .text.tcp_abandon
                0x10008e18      0x1a0 CMakeFiles/Board_project.dir/C_/Users/User/.pico-sdk/sdk/2.1.0/lib/lwip/src/core/tcp.c.obj
                0x10008e18                tcp_abandon
 .text.tcp_abort
                0x10008fb8        0xc CMakeFiles/Board_project.dir/C_/Users/User/.pico-sdk/sdk/2.1.0/lib/lwip/src/core/tcp.c.obj
                0x10008fb8                tcp_abort
 .text.tcp_accept_null
                0x10008fc4       0x20 CMakeFiles/Board_project.dir/C_/Users/User/.pico-sdk/sdk/2.1.0/lib/lwip/src/core/tcp.c.obj
 .text.tcp_alloc
                0x10008fe4      0x1d4 CMakeFiles/Board_project.dir/C_/Users/User/.pico-sdk/sdk/2.1.0/lib/lwip/src/core/tcp.c.obj
                0x10008fe4                tcp_alloc
 .text.tcp_new_ip_type
                0x100091b8        0xc CMakeFiles/Board_project.dir/C_/Users/User/.pico-sdk/sdk/2.1.0/lib/lwip/src/core/tcp.c.obj
                0x100091b8                tcp_new_ip_type
 .text.tcp_close_shutdown
                0x100091c4      0x188 CMakeFiles/Board_project.dir/C_/Users/User/.pico-sdk/sdk/2.1.0/lib/lwip/src/core/tcp.c.obj
 .text.tcp_recv_null
                0x1000934c       0xcc CMakeFiles/Board_project.dir/C_/Users/User/.pico-sdk/sdk/2.1.0/lib/lwip/src/core/tcp.c.obj
                0x1000934c                tcp_recv_null
 .text.tcp_process_refused_data
                0x10009418       0x78 CMakeFiles/Board_project.dir/C_/Users/User/.pico-sdk/sdk/2.1.0/lib/lwip/src/core/tcp.c.obj
                0x10009418                tcp_process_refused_data
 .text.tcp_fasttmr
                0x10009490       0x98 CMakeFiles/Board_project.dir/C_/Users/User/.pico-sdk/sdk/2.1.0/lib/lwip/src/core/tcp.c.obj
                0x10009490                tcp_fasttmr
 .text.tcp_tmr  0x10009528       0x20 CMakeFiles/Board_project.dir/C_/Users/User/.pico-sdk/sdk/2.1.0/lib/lwip/src/core/tcp.c.obj
                0x10009528                tcp_tmr
 .text.tcp_close
                0x10009548      0x170 CMakeFiles/Board_project.dir/C_/Users/User/.pico-sdk/sdk/2.1.0/lib/lwip/src/core/tcp.c.obj
                0x10009548                tcp_close
 .text.tcp_next_iss
                0x100096b8       0x28 CMakeFiles/Board_project.dir/C_/Users/User/.pico-sdk/sdk/2.1.0/lib/lwip/src/core/tcp.c.obj
                0x100096b8                tcp_next_iss
 .text.tcp_eff_send_mss_netif
                0x100096e0       0x34 CMakeFiles/Board_project.dir/C_/Users/User/.pico-sdk/sdk/2.1.0/lib/lwip/src/core/tcp.c.obj
                0x100096e0                tcp_eff_send_mss_netif
 .text.tcp_netif_ip_addr_changed
                0x10009714       0x94 CMakeFiles/Board_project.dir/C_/Users/User/.pico-sdk/sdk/2.1.0/lib/lwip/src/core/tcp.c.obj
                0x10009714                tcp_netif_ip_addr_changed
 .text.tcp_free_ooseq
                0x100097a8       0x40 CMakeFiles/Board_project.dir/C_/Users/User/.pico-sdk/sdk/2.1.0/lib/lwip/src/core/tcp.c.obj
                0x100097a8                tcp_free_ooseq
 .text.tcp_parseopt
                0x100097e8      0x1bc CMakeFiles/Board_project.dir/C_/Users/User/.pico-sdk/sdk/2.1.0/lib/lwip/src/core/tcp_in.c.obj
 .text.tcp_oos_insert_segment
                0x100099a4       0xdc CMakeFiles/Board_project.dir/C_/Users/User/.pico-sdk/sdk/2.1.0/lib/lwip/src/core/tcp_in.c.obj
 .text.tcp_free_acked_segments.isra.0
                0x10009a80       0xdc CMakeFiles/Board_project.dir/C_/Users/User/.pico-sdk/sdk/2.1.0/lib/lwip/src/core/tcp_in.c.obj
 .text.tcp_receive
                0x10009b5c      0xa00 CMakeFiles/Board_project.dir/C_/Users/User/.pico-sdk/sdk/2.1.0/lib/lwip/src/core/tcp_in.c.obj
 .text.tcp_input
                0x1000a55c      0xe54 CMakeFiles/Board_project.dir/C_/Users/User/.pico-sdk/sdk/2.1.0/lib/lwip/src/core/tcp_in.c.obj
                0x1000a55c                tcp_input
 .text.tcp_trigger_input_pcb_close
                0x1000b3b0       0x10 CMakeFiles/Board_project.dir/C_/Users/User/.pico-sdk/sdk/2.1.0/lib/lwip/src/core/tcp_in.c.obj
                0x1000b3b0                tcp_trigger_input_pcb_close
 .text.tcp_create_segment
                0x1000b3c0       0xf8 CMakeFiles/Board_project.dir/C_/Users/User/.pico-sdk/sdk/2.1.0/lib/lwip/src/core/tcp_out.c.obj
 .text.tcp_output_control_segment
                0x1000b4b8       0xc0 CMakeFiles/Board_project.dir/C_/Users/User/.pico-sdk/sdk/2.1.0/lib/lwip/src/core/tcp_out.c.obj
 .text.tcp_output_alloc_header.constprop.0
                0x1000b578       0xc8 CMakeFiles/Board_project.dir/C_/Users/User/.pico-sdk/sdk/2.1.0/lib/lwip/src/core/tcp_out.c.obj
 .text.tcp_write
                0x1000b640      0x468 CMakeFiles/Board_project.dir/C_/Users/User/.pico-sdk/sdk/2.1.0/lib/lwip/src/core/tcp_out.c.obj
                0x1000b640                tcp_write
 .text.tcp_split_unsent_seg
                0x1000baa8      0x1b4 CMakeFiles/Board_project.dir/C_/Users/User/.pico-sdk/sdk/2.1.0/lib/lwip/src/core/tcp_out.c.obj
                0x1000baa8                tcp_split_unsent_seg
 .text.tcp_send_fin
                0x1000bc5c      0x118 CMakeFiles/Board_project.dir/C_/Users/User/.pico-sdk/sdk/2.1.0/lib/lwip/src/core/tcp_out.c.obj
                0x1000bc5c                tcp_send_fin
 .text.tcp_enqueue_flags
                0x1000bd74      0x108 CMakeFiles/Board_project.dir/C_/Users/User/.pico-sdk/sdk/2.1.0/lib/lwip/src/core/tcp_out.c.obj
                0x1000bd74                tcp_enqueue_flags
 .text.tcp_rexmit_rto_prepare
                0x1000be7c       0x9c CMakeFiles/Board_project.dir/C_/Users/User/.pico-sdk/sdk/2.1.0/lib/lwip/src/core/tcp_out.c.obj
                0x1000be7c                tcp_rexmit_rto_prepare
 .text.tcp_rexmit
                0x1000bf18       0x9c CMakeFiles/Board_project.dir/C_/Users/User/.pico-sdk/sdk/2.1.0/lib/lwip/src/core/tcp_out.c.obj
                0x1000bf18                tcp_rexmit
 .text.tcp_rexmit_fast
                0x1000bfb4       0x64 CMakeFiles/Board_project.dir/C_/Users/User/.pico-sdk/sdk/2.1.0/lib/lwip/src/core/tcp_out.c.obj
                0x1000bfb4                tcp_rexmit_fast
 .text.tcp_rst  0x1000c018       0xe8 CMakeFiles/Board_project.dir/C_/Users/User/.pico-sdk/sdk/2.1.0/lib/lwip/src/core/tcp_out.c.obj
                0x1000c018                tcp_rst
 .text.tcp_rst_netif
                0x1000c100      0x130 CMakeFiles/Board_project.dir/C_/Users/User/.pico-sdk/sdk/2.1.0/lib/lwip/src/core/tcp_out.c.obj
                0x1000c100                tcp_rst_netif
 .text.tcp_send_empty_ack
                0x1000c230       0x4c CMakeFiles/Board_project.dir/C_/Users/User/.pico-sdk/sdk/2.1.0/lib/lwip/src/core/tcp_out.c.obj
                0x1000c230                tcp_send_empty_ack
 .text.tcp_output
                0x1000c27c      0x454 CMakeFiles/Board_project.dir/C_/Users/User/.pico-sdk/sdk/2.1.0/lib/lwip/src/core/tcp_out.c.obj
                0x1000c27c                tcp_output
 .text.tcp_rexmit_rto_commit
                0x1000c6d0       0x24 CMakeFiles/Board_project.dir/C_/Users/User/.pico-sdk/sdk/2.1.0/lib/lwip/src/core/tcp_out.c.obj
                0x1000c6d0                tcp_rexmit_rto_commit
 .text.tcp_rexmit_rto
                0x1000c6f4       0xa4 CMakeFiles/Board_project.dir/C_/Users/User/.pico-sdk/sdk/2.1.0/lib/lwip/src/core/tcp_out.c.obj
                0x1000c6f4                tcp_rexmit_rto
 .text.tcp_keepalive
                0x1000c798       0xdc CMakeFiles/Board_project.dir/C_/Users/User/.pico-sdk/sdk/2.1.0/lib/lwip/src/core/tcp_out.c.obj
                0x1000c798                tcp_keepalive
 .text.tcp_zero_window_probe
                0x1000c874      0x110 CMakeFiles/Board_project.dir/C_/Users/User/.pico-sdk/sdk/2.1.0/lib/lwip/src/core/tcp_out.c.obj
                0x1000c874                tcp_zero_window_probe
 .text.tcpip_tcp_timer
                0x1000c984       0x78 CMakeFiles/Board_project.dir/C_/Users/User/.pico-sdk/sdk/2.1.0/lib/lwip/src/core/timeouts.c.obj
 .text.lwip_cyclic_timer
                0x1000c9fc       0x98 CMakeFiles/Board_project.dir/C_/Users/User/.pico-sdk/sdk/2.1.0/lib/lwip/src/core/timeouts.c.obj
 .text.tcp_timer_needed
                0x1000ca94       0x7c CMakeFiles/Board_project.dir/C_/Users/User/.pico-sdk/sdk/2.1.0/lib/lwip/src/core/timeouts.c.obj
                0x1000ca94                tcp_timer_needed
 .text.sys_timeouts_init
                0x1000cb10       0x8c CMakeFiles/Board_project.dir/C_/Users/User/.pico-sdk/sdk/2.1.0/lib/lwip/src/core/timeouts.c.obj
                0x1000cb10                sys_timeouts_init
 .text.sys_check_timeouts
                0x1000cb9c       0x68 CMakeFiles/Board_project.dir/C_/Users/User/.pico-sdk/sdk/2.1.0/lib/lwip/src/core/timeouts.c.obj
                0x1000cb9c                sys_check_timeouts
 .text.sys_timeouts_sleeptime
                0x1000cc04       0x28 CMakeFiles/Board_project.dir/C_/Users/User/.pico-sdk/sdk/2.1.0/lib/lwip/src/core/timeouts.c.obj
                0x1000cc04                sys_timeouts_sleeptime
 .text.udp_init
                0x1000cc2c       0x20 CMakeFiles/Board_project.dir/C_/Users/User/.pico-sdk/sdk/2.1.0/lib/lwip/src/core/udp.c.obj
                0x1000cc2c                udp_init
 .text.udp_input
                0x1000cc4c      0x320 CMakeFiles/Board_project.dir/C_/Users/User/.pico-sdk/sdk/2.1.0/lib/lwip/src/core/udp.c.obj
                0x1000cc4c                udp_input
 .text.udp_bind
                0x1000cf6c      0x118 CMakeFiles/Board_project.dir/C_/Users/User/.pico-sdk/sdk/2.1.0/lib/lwip/src/core/udp.c.obj
                0x1000cf6c                udp_bind
 .text.udp_sendto_if_src
                0x1000d084      0x130 CMakeFiles/Board_project.dir/C_/Users/User/.pico-sdk/sdk/2.1.0/lib/lwip/src/core/udp.c.obj
                0x1000d084                udp_sendto_if_src
 .text.udp_sendto_if
                0x1000d1b4       0x48 CMakeFiles/Board_project.dir/C_/Users/User/.pico-sdk/sdk/2.1.0/lib/lwip/src/core/udp.c.obj
                0x1000d1b4                udp_sendto_if
 .text.udp_sendto
                0x1000d1fc       0x78 CMakeFiles/Board_project.dir/C_/Users/User/.pico-sdk/sdk/2.1.0/lib/lwip/src/core/udp.c.obj
                0x1000d1fc                udp_sendto
 .text.udp_connect
                0x1000d274       0x60 CMakeFiles/Board_project.dir/C_/Users/User/.pico-sdk/sdk/2.1.0/lib/lwip/src/core/udp.c.obj
                0x1000d274                udp_connect
 .text.udp_recv
                0x1000d2d4        0xc CMakeFiles/Board_project.dir/C_/Users/User/.pico-sdk/sdk/2.1.0/lib/lwip/src/core/udp.c.obj
                0x1000d2d4                udp_recv
 .text.udp_remove
                0x1000d2e0       0x3c CMakeFiles/Board_project.dir/C_/Users/User/.pico-sdk/sdk/2.1.0/lib/lwip/src/core/udp.c.obj
                0x1000d2e0                udp_remove
 .text.udp_new  0x1000d31c       0x1c CMakeFiles/Board_project.dir/C_/Users/User/.pico-sdk/sdk/2.1.0/lib/lwip/src/core/udp.c.obj
                0x1000d31c                udp_new
 .text.udp_netif_ip_addr_changed
                0x1000d338       0x40 CMakeFiles/Board_project.dir/C_/Users/User/.pico-sdk/sdk/2.1.0/lib/lwip/src/core/udp.c.obj
                0x1000d338                udp_netif_ip_addr_changed
 .text.dhcp_create_msg
                0x1000d378      0x164 CMakeFiles/Board_project.dir/C_/Users/User/.pico-sdk/sdk/2.1.0/lib/lwip/src/core/ipv4/dhcp.c.obj
 .text.dhcp_inc_pcb_refcount
                0x1000d4dc       0x6c CMakeFiles/Board_project.dir/C_/Users/User/.pico-sdk/sdk/2.1.0/lib/lwip/src/core/ipv4/dhcp.c.obj
 .text.dhcp_bind
                0x1000d548      0x138 CMakeFiles/Board_project.dir/C_/Users/User/.pico-sdk/sdk/2.1.0/lib/lwip/src/core/ipv4/dhcp.c.obj
 .text.dhcp_option_hostname.isra.0
                0x1000d680       0x84 CMakeFiles/Board_project.dir/C_/Users/User/.pico-sdk/sdk/2.1.0/lib/lwip/src/core/ipv4/dhcp.c.obj
 .text.dhcp_handle_ack.isra.0
                0x1000d704       0xcc CMakeFiles/Board_project.dir/C_/Users/User/.pico-sdk/sdk/2.1.0/lib/lwip/src/core/ipv4/dhcp.c.obj
 .text.dhcp_reboot.isra.0
                0x1000d7d0      0x178 CMakeFiles/Board_project.dir/C_/Users/User/.pico-sdk/sdk/2.1.0/lib/lwip/src/core/ipv4/dhcp.c.obj
 .text.dhcp_discover
                0x1000d948      0x140 CMakeFiles/Board_project.dir/C_/Users/User/.pico-sdk/sdk/2.1.0/lib/lwip/src/core/ipv4/dhcp.c.obj
 .text.dhcp_select.isra.0
                0x1000da88      0x1e0 CMakeFiles/Board_project.dir/C_/Users/User/.pico-sdk/sdk/2.1.0/lib/lwip/src/core/ipv4/dhcp.c.obj
 .text.dhcp_recv
                0x1000dc68      0x47c CMakeFiles/Board_project.dir/C_/Users/User/.pico-sdk/sdk/2.1.0/lib/lwip/src/core/ipv4/dhcp.c.obj
 .text.dhcp_set_struct
                0x1000e0e4       0x44 CMakeFiles/Board_project.dir/C_/Users/User/.pico-sdk/sdk/2.1.0/lib/lwip/src/core/ipv4/dhcp.c.obj
                0x1000e0e4                dhcp_set_struct
 .text.dhcp_network_changed_link_up
                0x1000e128       0x40 CMakeFiles/Board_project.dir/C_/Users/User/.pico-sdk/sdk/2.1.0/lib/lwip/src/core/ipv4/dhcp.c.obj
                0x1000e128                dhcp_network_changed_link_up
 .text.dhcp_renew
                0x1000e168      0x138 CMakeFiles/Board_project.dir/C_/Users/User/.pico-sdk/sdk/2.1.0/lib/lwip/src/core/ipv4/dhcp.c.obj
                0x1000e168                dhcp_renew
 .text.dhcp_release_and_stop
                0x1000e2a0      0x158 CMakeFiles/Board_project.dir/C_/Users/User/.pico-sdk/sdk/2.1.0/lib/lwip/src/core/ipv4/dhcp.c.obj
                0x1000e2a0                dhcp_release_and_stop
 .text.dhcp_start
                0x1000e3f8       0xb0 CMakeFiles/Board_project.dir/C_/Users/User/.pico-sdk/sdk/2.1.0/lib/lwip/src/core/ipv4/dhcp.c.obj
                0x1000e3f8                dhcp_start
 .text.dhcp_coarse_tmr
                0x1000e4a8      0x1d8 CMakeFiles/Board_project.dir/C_/Users/User/.pico-sdk/sdk/2.1.0/lib/lwip/src/core/ipv4/dhcp.c.obj
                0x1000e4a8                dhcp_coarse_tmr
 .text.dhcp_fine_tmr
                0x1000e680       0x78 CMakeFiles/Board_project.dir/C_/Users/User/.pico-sdk/sdk/2.1.0/lib/lwip/src/core/ipv4/dhcp.c.obj
                0x1000e680                dhcp_fine_tmr
 .text.dhcp_stop
                0x1000e6f8      0x158 CMakeFiles/Board_project.dir/C_/Users/User/.pico-sdk/sdk/2.1.0/lib/lwip/src/core/ipv4/dhcp.c.obj
                0x1000e6f8                dhcp_stop
 .text.etharp_find_entry
                0x1000e850      0x3c0 CMakeFiles/Board_project.dir/C_/Users/User/.pico-sdk/sdk/2.1.0/lib/lwip/src/core/ipv4/etharp.c.obj
 .text.etharp_raw
                0x1000ec10       0xec CMakeFiles/Board_project.dir/C_/Users/User/.pico-sdk/sdk/2.1.0/lib/lwip/src/core/ipv4/etharp.c.obj
 .text.etharp_output_to_arp_index
                0x1000ecfc       0xd0 CMakeFiles/Board_project.dir/C_/Users/User/.pico-sdk/sdk/2.1.0/lib/lwip/src/core/ipv4/etharp.c.obj
 .text.etharp_tmr
                0x1000edcc       0x94 CMakeFiles/Board_project.dir/C_/Users/User/.pico-sdk/sdk/2.1.0/lib/lwip/src/core/ipv4/etharp.c.obj
                0x1000edcc                etharp_tmr
 .text.etharp_cleanup_netif
                0x1000ee60      0x188 CMakeFiles/Board_project.dir/C_/Users/User/.pico-sdk/sdk/2.1.0/lib/lwip/src/core/ipv4/etharp.c.obj
                0x1000ee60                etharp_cleanup_netif
 .text.etharp_input
                0x1000efe8      0x1b8 CMakeFiles/Board_project.dir/C_/Users/User/.pico-sdk/sdk/2.1.0/lib/lwip/src/core/ipv4/etharp.c.obj
                0x1000efe8                etharp_input
 .text.etharp_query
                0x1000f1a0      0x1b8 CMakeFiles/Board_project.dir/C_/Users/User/.pico-sdk/sdk/2.1.0/lib/lwip/src/core/ipv4/etharp.c.obj
                0x1000f1a0                etharp_query
 .text.etharp_output
                0x1000f358      0x24c CMakeFiles/Board_project.dir/C_/Users/User/.pico-sdk/sdk/2.1.0/lib/lwip/src/core/ipv4/etharp.c.obj
                0x1000f358                etharp_output
 .text.etharp_request
                0x1000f5a4       0x2c CMakeFiles/Board_project.dir/C_/Users/User/.pico-sdk/sdk/2.1.0/lib/lwip/src/core/ipv4/etharp.c.obj
                0x1000f5a4                etharp_request
 .text.icmp_input
                0x1000f5d0      0x1ec CMakeFiles/Board_project.dir/C_/Users/User/.pico-sdk/sdk/2.1.0/lib/lwip/src/core/ipv4/icmp.c.obj
                0x1000f5d0                icmp_input
 .text.icmp_dest_unreach
                0x1000f7bc       0xcc CMakeFiles/Board_project.dir/C_/Users/User/.pico-sdk/sdk/2.1.0/lib/lwip/src/core/ipv4/icmp.c.obj
                0x1000f7bc                icmp_dest_unreach
 .text.icmp_time_exceeded
                0x1000f888       0xcc CMakeFiles/Board_project.dir/C_/Users/User/.pico-sdk/sdk/2.1.0/lib/lwip/src/core/ipv4/icmp.c.obj
                0x1000f888                icmp_time_exceeded
 .text.ip_reass_free_complete_datagram
                0x1000f954      0x11c CMakeFiles/Board_project.dir/C_/Users/User/.pico-sdk/sdk/2.1.0/lib/lwip/src/core/ipv4/ip4_frag.c.obj
 .text.ip_reass_remove_oldest_datagram
                0x1000fa70       0xd8 CMakeFiles/Board_project.dir/C_/Users/User/.pico-sdk/sdk/2.1.0/lib/lwip/src/core/ipv4/ip4_frag.c.obj
 .text.ip_reass_tmr
                0x1000fb48       0x30 CMakeFiles/Board_project.dir/C_/Users/User/.pico-sdk/sdk/2.1.0/lib/lwip/src/core/ipv4/ip4_frag.c.obj
                0x1000fb48                ip_reass_tmr
 .text.ip4_reass
                0x1000fb78      0x560 CMakeFiles/Board_project.dir/C_/Users/User/.pico-sdk/sdk/2.1.0/lib/lwip/src/core/ipv4/ip4_frag.c.obj
                0x1000fb78                ip4_reass
 .text.ip4_frag
                0x100100d8      0x254 CMakeFiles/Board_project.dir/C_/Users/User/.pico-sdk/sdk/2.1.0/lib/lwip/src/core/ipv4/ip4_frag.c.obj
                0x100100d8                ip4_frag
 .text.ip4_route
                0x1001032c       0x7c CMakeFiles/Board_project.dir/C_/Users/User/.pico-sdk/sdk/2.1.0/lib/lwip/src/core/ipv4/ip4.c.obj
                0x1001032c                ip4_route
 .text.ip4_input
                0x100103a8      0x300 CMakeFiles/Board_project.dir/C_/Users/User/.pico-sdk/sdk/2.1.0/lib/lwip/src/core/ipv4/ip4.c.obj
                0x100103a8                ip4_input
 .text.ip4_output_if
                0x100106a8      0x190 CMakeFiles/Board_project.dir/C_/Users/User/.pico-sdk/sdk/2.1.0/lib/lwip/src/core/ipv4/ip4.c.obj
                0x100106a8                ip4_output_if
 .text.ip4_output_if_src
                0x10010838      0x184 CMakeFiles/Board_project.dir/C_/Users/User/.pico-sdk/sdk/2.1.0/lib/lwip/src/core/ipv4/ip4.c.obj
                0x10010838                ip4_output_if_src
 .text.ip4_addr_isbroadcast_u32
                0x100109bc       0x3c CMakeFiles/Board_project.dir/C_/Users/User/.pico-sdk/sdk/2.1.0/lib/lwip/src/core/ipv4/ip4_addr.c.obj
                0x100109bc                ip4_addr_isbroadcast_u32
 .text.ip4addr_ntoa
                0x100109f8       0xec CMakeFiles/Board_project.dir/C_/Users/User/.pico-sdk/sdk/2.1.0/lib/lwip/src/core/ipv4/ip4_addr.c.obj
                0x100109f8                ip4addr_ntoa
 .text.ethernet_input
                0x10010ae4       0xd0 CMakeFiles/Board_project.dir/C_/Users/User/.pico-sdk/sdk/2.1.0/lib/lwip/src/netif/ethernet.c.obj
                0x10010ae4                ethernet_input
 .text.ethernet_output
                0x10010bb4       0x6c CMakeFiles/Board_project.dir/C_/Users/User/.pico-sdk/sdk/2.1.0/lib/lwip/src/netif/ethernet.c.obj
                0x10010bb4                ethernet_output
 .text.cyw43_arch_wifi_connect_bssid_until.part.0
                0x10010c20      0x150 CMakeFiles/Board_project.dir/C_/Users/User/.pico-sdk/sdk/2.1.0/src/rp2_common/pico_cyw43_arch/cyw43_arch.c.obj
 .text.cyw43_arch_set_async_context
                0x10010d70        0xc CMakeFiles/Board_project.dir/C_/Users/User/.pico-sdk/sdk/2.1.0/src/rp2_common/pico_cyw43_arch/cyw43_arch.c.obj
                0x10010d70                cyw43_arch_set_async_context
 .text.cyw43_arch_enable_sta_mode
                0x10010d7c       0x1c CMakeFiles/Board_project.dir/C_/Users/User/.pico-sdk/sdk/2.1.0/src/rp2_common/pico_cyw43_arch/cyw43_arch.c.obj
                0x10010d7c                cyw43_arch_enable_sta_mode
 .text.cyw43_arch_wifi_connect_timeout_ms
                0x10010d98       0xa0 CMakeFiles/Board_project.dir/C_/Users/User/.pico-sdk/sdk/2.1.0/src/rp2_common/pico_cyw43_arch/cyw43_arch.c.obj
                0x10010d98                cyw43_arch_wifi_connect_timeout_ms
 .text.cyw43_arch_async_context
                0x10010e38        0xc CMakeFiles/Board_project.dir/C_/Users/User/.pico-sdk/sdk/2.1.0/src/rp2_common/pico_cyw43_arch/cyw43_arch.c.obj
                0x10010e38                cyw43_arch_async_context
 .text.cyw43_arch_init
                0x10010e44       0x74 CMakeFiles/Board_project.dir/C_/Users/User/.pico-sdk/sdk/2.1.0/src/rp2_common/pico_cyw43_arch/cyw43_arch_threadsafe_background.c.obj
                0x10010e44                cyw43_arch_init
 .text.cyw43_arch_deinit
                0x10010eb8       0x30 CMakeFiles/Board_project.dir/C_/Users/User/.pico-sdk/sdk/2.1.0/src/rp2_common/pico_cyw43_arch/cyw43_arch_threadsafe_background.c.obj
                0x10010eb8                cyw43_arch_deinit
 .text.ns_delay.constprop.0
                0x10010ee8       0x20 CMakeFiles/Board_project.dir/C_/Users/User/.pico-sdk/sdk/2.1.0/src/rp2_common/pico_cyw43_driver/cyw43_bus_pio_spi.c.obj
 .text.cyw43_spi_deinit
                0x10010f08       0x6c CMakeFiles/Board_project.dir/C_/Users/User/.pico-sdk/sdk/2.1.0/src/rp2_common/pico_cyw43_driver/cyw43_bus_pio_spi.c.obj
                0x10010f08                cyw43_spi_deinit
 .text.cyw43_spi_init
                0x10010f74      0x128 CMakeFiles/Board_project.dir/C_/Users/User/.pico-sdk/sdk/2.1.0/src/rp2_common/pico_cyw43_driver/cyw43_bus_pio_spi.c.obj
                0x10010f74                cyw43_spi_init
 .text.cyw43_spi_transfer
                0x1001109c      0x408 CMakeFiles/Board_project.dir/C_/Users/User/.pico-sdk/sdk/2.1.0/src/rp2_common/pico_cyw43_driver/cyw43_bus_pio_spi.c.obj
                0x1001109c                cyw43_spi_transfer
 .text.cyw43_spi_gpio_setup
                0x100114a4       0x3c CMakeFiles/Board_project.dir/C_/Users/User/.pico-sdk/sdk/2.1.0/src/rp2_common/pico_cyw43_driver/cyw43_bus_pio_spi.c.obj
                0x100114a4                cyw43_spi_gpio_setup
 .text.cyw43_spi_reset
                0x100114e0       0x28 CMakeFiles/Board_project.dir/C_/Users/User/.pico-sdk/sdk/2.1.0/src/rp2_common/pico_cyw43_driver/cyw43_bus_pio_spi.c.obj
                0x100114e0                cyw43_spi_reset
 .text.read_reg_u32_swap
                0x10011508       0x3c CMakeFiles/Board_project.dir/C_/Users/User/.pico-sdk/sdk/2.1.0/src/rp2_common/pico_cyw43_driver/cyw43_bus_pio_spi.c.obj
                0x10011508                read_reg_u32_swap
 .text.cyw43_read_reg_u32
                0x10011544       0x50 CMakeFiles/Board_project.dir/C_/Users/User/.pico-sdk/sdk/2.1.0/src/rp2_common/pico_cyw43_driver/cyw43_bus_pio_spi.c.obj
                0x10011544                cyw43_read_reg_u32
 .text.cyw43_read_reg_u16
                0x10011594       0x50 CMakeFiles/Board_project.dir/C_/Users/User/.pico-sdk/sdk/2.1.0/src/rp2_common/pico_cyw43_driver/cyw43_bus_pio_spi.c.obj
                0x10011594                cyw43_read_reg_u16
 .text.cyw43_read_reg_u8
                0x100115e4       0x50 CMakeFiles/Board_project.dir/C_/Users/User/.pico-sdk/sdk/2.1.0/src/rp2_common/pico_cyw43_driver/cyw43_bus_pio_spi.c.obj
                0x100115e4                cyw43_read_reg_u8
 .text.write_reg_u32_swap
                0x10011634      0x1fc CMakeFiles/Board_project.dir/C_/Users/User/.pico-sdk/sdk/2.1.0/src/rp2_common/pico_cyw43_driver/cyw43_bus_pio_spi.c.obj
                0x10011634                write_reg_u32_swap
 .text.cyw43_write_reg_u32
                0x10011830      0x21c CMakeFiles/Board_project.dir/C_/Users/User/.pico-sdk/sdk/2.1.0/src/rp2_common/pico_cyw43_driver/cyw43_bus_pio_spi.c.obj
                0x10011830                cyw43_write_reg_u32
 .text.cyw43_write_reg_u16
                0x10011a4c      0x21c CMakeFiles/Board_project.dir/C_/Users/User/.pico-sdk/sdk/2.1.0/src/rp2_common/pico_cyw43_driver/cyw43_bus_pio_spi.c.obj
                0x10011a4c                cyw43_write_reg_u16
 .text.cyw43_write_reg_u8
                0x10011c68      0x21c CMakeFiles/Board_project.dir/C_/Users/User/.pico-sdk/sdk/2.1.0/src/rp2_common/pico_cyw43_driver/cyw43_bus_pio_spi.c.obj
                0x10011c68                cyw43_write_reg_u8
 .text.cyw43_read_bytes
                0x10011e84       0x78 CMakeFiles/Board_project.dir/C_/Users/User/.pico-sdk/sdk/2.1.0/src/rp2_common/pico_cyw43_driver/cyw43_bus_pio_spi.c.obj
                0x10011e84                cyw43_read_bytes
 .text.cyw43_write_bytes
                0x10011efc       0xc0 CMakeFiles/Board_project.dir/C_/Users/User/.pico-sdk/sdk/2.1.0/src/rp2_common/pico_cyw43_driver/cyw43_bus_pio_spi.c.obj
                0x10011efc                cyw43_write_bytes
 .text.cyw43_set_backplane_window
                0x10011fbc       0x68 CMakeFiles/Board_project.dir/C_/Users/User/.pico-sdk/sdk/2.1.0/lib/cyw43-driver/src/cyw43_ll.c.obj
 .text.cyw43_ll_parse_async_event
                0x10012024      0x134 CMakeFiles/Board_project.dir/C_/Users/User/.pico-sdk/sdk/2.1.0/lib/cyw43-driver/src/cyw43_ll.c.obj
 .text.cyw43_kso_set
                0x10012158       0x80 CMakeFiles/Board_project.dir/C_/Users/User/.pico-sdk/sdk/2.1.0/lib/cyw43-driver/src/cyw43_ll.c.obj
 .text.cyw43_ll_sdpcm_poll_device
                0x100121d8      0x238 CMakeFiles/Board_project.dir/C_/Users/User/.pico-sdk/sdk/2.1.0/lib/cyw43-driver/src/cyw43_ll.c.obj
 .text.cyw43_sdpcm_send_common
                0x10012410       0xfc CMakeFiles/Board_project.dir/C_/Users/User/.pico-sdk/sdk/2.1.0/lib/cyw43-driver/src/cyw43_ll.c.obj
 .text.cyw43_do_ioctl.part.0
                0x1001250c       0xc4 CMakeFiles/Board_project.dir/C_/Users/User/.pico-sdk/sdk/2.1.0/lib/cyw43-driver/src/cyw43_ll.c.obj
 .text.cyw43_download_resource
                0x100125d0       0xd0 CMakeFiles/Board_project.dir/C_/Users/User/.pico-sdk/sdk/2.1.0/lib/cyw43-driver/src/cyw43_ll.c.obj
 .text.cyw43_write_iovar_u32.constprop.0
                0x100126a0       0x98 CMakeFiles/Board_project.dir/C_/Users/User/.pico-sdk/sdk/2.1.0/lib/cyw43-driver/src/cyw43_ll.c.obj
 .text.cyw43_write_iovar_n
                0x10012738       0x8c CMakeFiles/Board_project.dir/C_/Users/User/.pico-sdk/sdk/2.1.0/lib/cyw43-driver/src/cyw43_ll.c.obj
 .text.cyw43_write_iovar_u32_u32.constprop.0
                0x100127c4       0xac CMakeFiles/Board_project.dir/C_/Users/User/.pico-sdk/sdk/2.1.0/lib/cyw43-driver/src/cyw43_ll.c.obj
 .text.cyw43_read_backplane.constprop.0
                0x10012870       0xe4 CMakeFiles/Board_project.dir/C_/Users/User/.pico-sdk/sdk/2.1.0/lib/cyw43-driver/src/cyw43_ll.c.obj
 .text.cyw43_write_backplane
                0x10012954      0x10c CMakeFiles/Board_project.dir/C_/Users/User/.pico-sdk/sdk/2.1.0/lib/cyw43-driver/src/cyw43_ll.c.obj
 .text.reset_device_core.constprop.0
                0x10012a60      0x410 CMakeFiles/Board_project.dir/C_/Users/User/.pico-sdk/sdk/2.1.0/lib/cyw43-driver/src/cyw43_ll.c.obj
 .text.cyw43_ll_init
                0x10012e70       0x1c CMakeFiles/Board_project.dir/C_/Users/User/.pico-sdk/sdk/2.1.0/lib/cyw43-driver/src/cyw43_ll.c.obj
                0x10012e70                cyw43_ll_init
 .text.cyw43_ll_deinit